Archive member included because of file (symbol)

/Users/cnoviello/STM32Toolchain/gcc-arm-none-eabi-4_8-2014q3/bin/../lib/gcc/arm-none-eabi/4.8.4/../../../../arm-none-eabi/lib/armv7e-m/libg_s.a(lib_a-errno.o)
                              ./system/src/newlib/_sbrk.o (__errno)
/Users/cnoviello/STM32Toolchain/gcc-arm-none-eabi-4_8-2014q3/bin/../lib/gcc/arm-none-eabi/4.8.4/../../../../arm-none-eabi/lib/armv7e-m/libg_s.a(lib_a-impure.o)
                              /Users/cnoviello/STM32Toolchain/gcc-arm-none-eabi-4_8-2014q3/bin/../lib/gcc/arm-none-eabi/4.8.4/../../../../arm-none-eabi/lib/armv7e-m/libg_s.a(lib_a-errno.o) (_impure_ptr)
/Users/cnoviello/STM32Toolchain/gcc-arm-none-eabi-4_8-2014q3/bin/../lib/gcc/arm-none-eabi/4.8.4/../../../../arm-none-eabi/lib/armv7e-m/libg_s.a(lib_a-strlen.o)
                              ./src/main.o (strlen)

Allocating common symbols
Common symbol       size              file

errno               0x4               ./system/src/newlib/_syscalls.o
pFlash              0x1c              ./system/src/stm32f4-hal/stm32f4xx_hal_flash.o
huart2              0x3c              ./src/_initialize_hardware.o

Discarded input sections

 .group         0x0000000000000000        0x8 ./system/src/stm32f4-hal/stm32f4xx_hal.o
 .group         0x0000000000000000        0x8 ./system/src/stm32f4-hal/stm32f4xx_hal.o
 .group         0x0000000000000000        0x8 ./system/src/stm32f4-hal/stm32f4xx_hal.o
 .group         0x0000000000000000        0x8 ./system/src/stm32f4-hal/stm32f4xx_hal.o
 .group         0x0000000000000000        0x8 ./system/src/stm32f4-hal/stm32f4xx_hal.o
 .group         0x0000000000000000        0x8 ./system/src/stm32f4-hal/stm32f4xx_hal.o
 .group         0x0000000000000000        0x8 ./system/src/stm32f4-hal/stm32f4xx_hal.o
 .group         0x0000000000000000        0x8 ./system/src/stm32f4-hal/stm32f4xx_hal.o
 .group         0x0000000000000000        0x8 ./system/src/stm32f4-hal/stm32f4xx_hal.o
 .group         0x0000000000000000        0x8 ./system/src/stm32f4-hal/stm32f4xx_hal.o
 .group         0x0000000000000000        0x8 ./system/src/stm32f4-hal/stm32f4xx_hal.o
 .group         0x0000000000000000        0x8 ./system/src/stm32f4-hal/stm32f4xx_hal.o
 .group         0x0000000000000000        0x8 ./system/src/stm32f4-hal/stm32f4xx_hal.o
 .group         0x0000000000000000        0x8 ./system/src/stm32f4-hal/stm32f4xx_hal.o
 .group         0x0000000000000000        0x8 ./system/src/stm32f4-hal/stm32f4xx_hal.o
 .group         0x0000000000000000        0x8 ./system/src/stm32f4-hal/stm32f4xx_hal.o
 .group         0x0000000000000000        0x8 ./system/src/stm32f4-hal/stm32f4xx_hal.o
 .group         0x0000000000000000        0x8 ./system/src/stm32f4-hal/stm32f4xx_hal.o
 .group         0x0000000000000000        0x8 ./system/src/stm32f4-hal/stm32f4xx_hal.o
 .group         0x0000000000000000        0x8 ./system/src/stm32f4-hal/stm32f4xx_hal.o
 .group         0x0000000000000000        0x8 ./system/src/stm32f4-hal/stm32f4xx_hal.o
 .group         0x0000000000000000        0x8 ./system/src/stm32f4-hal/stm32f4xx_hal.o
 .group         0x0000000000000000        0x8 ./system/src/stm32f4-hal/stm32f4xx_hal.o
 .group         0x0000000000000000        0x8 ./system/src/stm32f4-hal/stm32f4xx_hal.o
 .group         0x0000000000000000        0x8 ./system/src/stm32f4-hal/stm32f4xx_hal.o
 .group         0x0000000000000000        0x8 ./system/src/stm32f4-hal/stm32f4xx_hal.o
 .group         0x0000000000000000        0x8 ./system/src/stm32f4-hal/stm32f4xx_hal.o
 .group         0x0000000000000000        0x8 ./system/src/stm32f4-hal/stm32f4xx_hal.o
 .group         0x0000000000000000        0x8 ./system/src/stm32f4-hal/stm32f4xx_hal.o
 .group         0x0000000000000000        0x8 ./system/src/stm32f4-hal/stm32f4xx_hal.o
 .group         0x0000000000000000        0x8 ./system/src/stm32f4-hal/stm32f4xx_hal.o
 .group         0x0000000000000000        0x8 ./system/src/stm32f4-hal/stm32f4xx_hal.o
 .group         0x0000000000000000        0x8 ./system/src/stm32f4-hal/stm32f4xx_hal.o
 .group         0x0000000000000000        0x8 ./system/src/stm32f4-hal/stm32f4xx_hal.o
 .group         0x0000000000000000        0x8 ./system/src/stm32f4-hal/stm32f4xx_hal.o
 .group         0x0000000000000000        0x8 ./system/src/stm32f4-hal/stm32f4xx_hal.o
 .group         0x0000000000000000        0x8 ./system/src/stm32f4-hal/stm32f4xx_hal.o
 .group         0x0000000000000000        0x8 ./system/src/stm32f4-hal/stm32f4xx_hal.o
 .group         0x0000000000000000        0x8 ./system/src/stm32f4-hal/stm32f4xx_hal.o
 .group         0x0000000000000000        0x8 ./system/src/stm32f4-hal/stm32f4xx_hal.o
 .group         0x0000000000000000        0x8 ./system/src/stm32f4-hal/stm32f4xx_hal.o
 .group         0x0000000000000000        0x8 ./system/src/stm32f4-hal/stm32f4xx_hal.o
 .group         0x0000000000000000        0x8 ./system/src/stm32f4-hal/stm32f4xx_hal.o
 .group         0x0000000000000000        0x8 ./system/src/stm32f4-hal/stm32f4xx_hal.o
[...]
Memory Configuration

Name             Origin             Length             Attributes
RAM              0x0000000020000000 0x0000000000010000 xrw
CCMRAM           0x0000000010000000 0x0000000000000000 xrw
FLASH            0x0000000008000000 0x0000000000100000 xr
FLASHB1          0x0000000000000000 0x0000000000000000 xr
EXTMEMB0         0x0000000000000000 0x0000000000000000 xr
EXTMEMB1         0x0000000000000000 0x0000000000000000 xr
EXTMEMB2         0x0000000000000000 0x0000000000000000 xr
EXTMEMB3         0x0000000000000000 0x0000000000000000 xr
*default*        0x0000000000000000 0xffffffffffffffff

Linker script and memory map

LOAD ./system/src/stm32f4-hal/stm32f4xx_hal.o
LOAD ./system/src/stm32f4-hal/stm32f4xx_hal_cortex.o
LOAD ./system/src/stm32f4-hal/stm32f4xx_hal_flash.o
LOAD ./system/src/stm32f4-hal/stm32f4xx_hal_flash_ex.o
LOAD ./system/src/stm32f4-hal/stm32f4xx_hal_flash_ramfunc.o
LOAD ./system/src/stm32f4-hal/stm32f4xx_hal_gpio.o
LOAD ./system/src/stm32f4-hal/stm32f4xx_hal_iwdg.o
LOAD ./system/src/stm32f4-hal/stm32f4xx_hal_pcd_ex.o
LOAD ./system/src/stm32f4-hal/stm32f4xx_hal_pwr.o
LOAD ./system/src/stm32f4-hal/stm32f4xx_hal_pwr_ex.o
LOAD ./system/src/stm32f4-hal/stm32f4xx_hal_rcc.o
LOAD ./system/src/stm32f4-hal/stm32f4xx_hal_rcc_ex.o
LOAD ./system/src/stm32f4-hal/stm32f4xx_hal_uart.o
LOAD ./system/src/stm32f4-hal/stm32f4xx_hal_usart.o
LOAD ./system/src/newlib/_cxx.o
LOAD ./system/src/newlib/_exit.o
LOAD ./system/src/newlib/_sbrk.o
LOAD ./system/src/newlib/_startup.o
LOAD ./system/src/newlib/_syscalls.o
LOAD ./system/src/newlib/assert.o
LOAD ./system/src/diag/Trace.o
LOAD ./system/src/diag/trace_impl.o
LOAD ./system/src/cortexm/_initialize_hardware.o
LOAD ./system/src/cortexm/_reset_hardware.o
LOAD ./system/src/cortexm/exception_handlers.o
LOAD ./system/src/cmsis/system_stm32f4xx.o
LOAD ./system/src/cmsis/vectors_stm32f4xx.o
LOAD ./src/_initialize_hardware.o
LOAD ./src/_write.o
LOAD ./src/main.o
LOAD /Users/cnoviello/STM32Toolchain/gcc-arm-none-eabi-4_8-2014q3/bin/../lib/gcc/arm-none-eabi/4.8.4/../../../../arm-none-eabi/lib/armv7e-m/libstdc++_s.a
LOAD /Users/cnoviello/STM32Toolchain/gcc-arm-none-eabi-4_8-2014q3/bin/../lib/gcc/arm-none-eabi/4.8.4/../../../../arm-none-eabi/lib/armv7e-m/libm.a
START GROUP
LOAD /Users/cnoviello/STM32Toolchain/gcc-arm-none-eabi-4_8-2014q3/bin/../lib/gcc/arm-none-eabi/4.8.4/armv7e-m/libgcc.a
LOAD /Users/cnoviello/STM32Toolchain/gcc-arm-none-eabi-4_8-2014q3/bin/../lib/gcc/arm-none-eabi/4.8.4/../../../../arm-none-eabi/lib/armv7e-m/libg_s.a
LOAD /Users/cnoviello/STM32Toolchain/gcc-arm-none-eabi-4_8-2014q3/bin/../lib/gcc/arm-none-eabi/4.8.4/../../../../arm-none-eabi/lib/armv7e-m/libc_s.a
END GROUP
START GROUP
LOAD /Users/cnoviello/STM32Toolchain/gcc-arm-none-eabi-4_8-2014q3/bin/../lib/gcc/arm-none-eabi/4.8.4/armv7e-m/libgcc.a
LOAD /Users/cnoviello/STM32Toolchain/gcc-arm-none-eabi-4_8-2014q3/bin/../lib/gcc/arm-none-eabi/4.8.4/../../../../arm-none-eabi/lib/armv7e-m/libc_s.a
END GROUP
                0x0000000020010000                __stack = (ORIGIN (RAM) + 0x10000)
                0x0000000020010000                _estack = __stack
                0x0000000000000400                __Main_Stack_Size = 0x400
                0x0000000000000400                PROVIDE (_Main_Stack_Size, __Main_Stack_Size)
                0x000000002000fc00                __Main_Stack_Limit = (__stack - __Main_Stack_Size)
                0x000000002000fc00                PROVIDE (_Main_Stack_Limit, __Main_Stack_Limit)
                0x0000000000000100                _Minimum_Stack_Size = 0x100
                0x0000000020000060                PROVIDE (_Heap_Begin, _end_noinit)
                0x000000002000fc00                PROVIDE (_Heap_Limit, (__stack - __Main_Stack_Size))

.isr_vector     0x0000000008000000      0x2f4
 FILL mask 0xff
                0x0000000008000000                __vectors_start__ = ABSOLUTE (.)
 *(.isr_vector)
 .isr_vector    0x0000000008000000      0x194 ./system/src/cmsis/vectors_stm32f4xx.o
                0x0000000008000000                __isr_vectors
 *(.cfmconfig)
 *(.after_vectors .after_vectors.*)
 .after_vectors
                0x0000000008000194      0x130 ./system/src/newlib/_startup.o
                0x0000000008000194                _start
 .after_vectors
                0x00000000080002c4       0x2c ./system/src/cortexm/exception_handlers.o
                0x00000000080002c4                Reset_Handler
                0x00000000080002cc                NMI_Handler
                0x00000000080002d0                HardFault_Handler
                0x00000000080002d4                MemManage_Handler
                0x00000000080002d8                BusFault_Handler
                0x00000000080002dc                UsageFault_Handler
                0x00000000080002e0                SVC_Handler
                0x00000000080002e4                DebugMon_Handler
                0x00000000080002e8                PendSV_Handler
                0x00000000080002ec                SysTick_Handler
 .after_vectors
                0x00000000080002f0        0x4 ./system/src/cmsis/vectors_stm32f4xx.o
                0x00000000080002f0                DMA1_Stream3_IRQHandler
                0x00000000080002f0                EXTI2_IRQHandler
                0x00000000080002f0                SPI4_IRQHandler
                0x00000000080002f0                TIM1_CC_IRQHandler
                0x00000000080002f0                DMA2_Stream5_IRQHandler
                0x00000000080002f0                DMA1_Stream5_IRQHandler
                0x00000000080002f0                PVD_IRQHandler
                0x00000000080002f0                SDIO_IRQHandler
                0x00000000080002f0                TAMP_STAMP_IRQHandler
                0x00000000080002f0                EXTI3_IRQHandler
                0x00000000080002f0                TIM1_UP_TIM10_IRQHandler
                0x00000000080002f0                I2C3_ER_IRQHandler
                0x00000000080002f0                EXTI0_IRQHandler
                0x00000000080002f0                I2C2_EV_IRQHandler
                0x00000000080002f0                DMA1_Stream2_IRQHandler
                0x00000000080002f0                FPU_IRQHandler
                0x00000000080002f0                DMA2_Stream2_IRQHandler
                0x00000000080002f0                SPI1_IRQHandler
                0x00000000080002f0                TIM1_BRK_TIM9_IRQHandler
                0x00000000080002f0                DMA2_Stream3_IRQHandler
                0x00000000080002f0                USART6_IRQHandler
                0x00000000080002f0                DMA2_Stream0_IRQHandler
                0x00000000080002f0                TIM4_IRQHandler
                0x00000000080002f0                I2C1_EV_IRQHandler
                0x00000000080002f0                DMA1_Stream6_IRQHandler
                0x00000000080002f0                DMA1_Stream1_IRQHandler
                0x00000000080002f0                TIM3_IRQHandler
                0x00000000080002f0                RCC_IRQHandler
                0x00000000080002f0                Default_Handler
                0x00000000080002f0                EXTI15_10_IRQHandler
                0x00000000080002f0                ADC_IRQHandler
                0x00000000080002f0                DMA1_Stream7_IRQHandler
                0x00000000080002f0                TIM5_IRQHandler
                0x00000000080002f0                DMA2_Stream7_IRQHandler
                0x00000000080002f0                I2C3_EV_IRQHandler
                0x00000000080002f0                EXTI9_5_IRQHandler
                0x00000000080002f0                RTC_WKUP_IRQHandler
                0x00000000080002f0                SPI2_IRQHandler
                0x00000000080002f0                DMA1_Stream0_IRQHandler
                0x00000000080002f0                EXTI4_IRQHandler
                0x00000000080002f0                WWDG_IRQHandler
                0x00000000080002f0                TIM2_IRQHandler
                0x00000000080002f0                OTG_FS_WKUP_IRQHandler
                0x00000000080002f0                TIM1_TRG_COM_TIM11_IRQHandler
                0x00000000080002f0                EXTI1_IRQHandler
                0x00000000080002f0                USART2_IRQHandler
                0x00000000080002f0                I2C2_ER_IRQHandler
                0x00000000080002f0                DMA2_Stream1_IRQHandler
                0x00000000080002f0                FLASH_IRQHandler
                0x00000000080002f0                DMA2_Stream4_IRQHandler
                0x00000000080002f0                USART1_IRQHandler
                0x00000000080002f0                OTG_FS_IRQHandler
                0x00000000080002f0                SPI3_IRQHandler
                0x00000000080002f0                DMA1_Stream4_IRQHandler
                0x00000000080002f0                I2C1_ER_IRQHandler
                0x00000000080002f0                DMA2_Stream6_IRQHandler
                0x00000000080002f0                RTC_Alarm_IRQHandler

.inits          0x00000000080002f4       0x28
                0x00000000080002f4                __data_regions_array_start = .
                0x00000000080002f4        0x4 LONG 0x800183c LOADADDR (.data)
                0x00000000080002f8        0x4 LONG 0x20000000 ADDR (.data)
                0x00000000080002fc        0x4 LONG 0x20000014 (ADDR (.data) + SIZEOF (.data))
                0x0000000008000300        0x4 LONG 0x800183c LOADADDR (.data_CCMRAM)
                0x0000000008000304        0x4 LONG 0x10000000 ADDR (.data_CCMRAM)
                0x0000000008000308        0x4 LONG 0x10000000 (ADDR (.data_CCMRAM) + SIZEOF (.data_CCMRAM))
                0x000000000800030c                __data_regions_array_end = .
                0x000000000800030c                __bss_regions_array_start = .
                0x000000000800030c        0x4 LONG 0x20000014 ADDR (.bss)
                0x0000000008000310        0x4 LONG 0x20000060 (ADDR (.bss) + SIZEOF (.bss))
                0x0000000008000314        0x4 LONG 0x10000000 ADDR (.bss_CCMRAM)
                0x0000000008000318        0x4 LONG 0x10000000 (ADDR (.bss_CCMRAM) + SIZEOF (.bss_CCMRAM))
                0x000000000800031c                __bss_regions_array_end = .
 *(.init)
 *(.fini)
                0x000000000800031c                . = ALIGN (0x4)
                0x000000000800031c                PROVIDE (__preinit_array_start, .)
 *(.preinit_array_sysinit .preinit_array_sysinit.*)
 *(.preinit_array_platform .preinit_array_platform.*)
 *(.preinit_array .preinit_array.*)
                0x000000000800031c                PROVIDE (__preinit_array_end, .)
                0x000000000800031c                . = ALIGN (0x4)
                0x000000000800031c                PROVIDE (__init_array_start, .)
 *(SORT(.init_array.*))
 *(.init_array)
                0x000000000800031c                PROVIDE (__init_array_end, .)
                0x000000000800031c                . = ALIGN (0x4)
                0x000000000800031c                PROVIDE (__fini_array_start, .)
 *(SORT(.fini_array.*))
 *(.fini_array)
                0x000000000800031c                PROVIDE (__fini_array_end, .)

.flashtext
 *(.flashtext .flashtext.*)

.text           0x000000000800031c     0x1520
 *(.text .text.*)
 .text.HAL_MspInit
                0x000000000800031c        0x4 ./system/src/stm32f4-hal/stm32f4xx_hal.o
                0x000000000800031c                HAL_MspInit
 .text.HAL_InitTick
                0x0000000008000320       0x28 ./system/src/stm32f4-hal/stm32f4xx_hal.o
                0x0000000008000320                HAL_InitTick
 .text.HAL_Init
                0x0000000008000348       0x34 ./system/src/stm32f4-hal/stm32f4xx_hal.o
                0x0000000008000348                HAL_Init
 .text.HAL_GetTick
                0x000000000800037c        0xc ./system/src/stm32f4-hal/stm32f4xx_hal.o
                0x000000000800037c                HAL_GetTick
 .text.HAL_SuspendTick
                0x0000000008000388       0x10 ./system/src/stm32f4-hal/stm32f4xx_hal.o
                0x0000000008000388                HAL_SuspendTick
 .text.HAL_NVIC_SetPriorityGrouping
                0x0000000008000398       0x3c ./system/src/stm32f4-hal/stm32f4xx_hal_cortex.o
                0x0000000008000398                HAL_NVIC_SetPriorityGrouping
 .text.HAL_NVIC_SetPriority
                0x00000000080003d4       0x84 ./system/src/stm32f4-hal/stm32f4xx_hal_cortex.o
                0x00000000080003d4                HAL_NVIC_SetPriority
 .text.HAL_SYSTICK_Config
                0x0000000008000458       0x2c ./system/src/stm32f4-hal/stm32f4xx_hal_cortex.o
                0x0000000008000458                HAL_SYSTICK_Config
 .text.HAL_GPIO_Init
                0x0000000008000484      0x2b4 ./system/src/stm32f4-hal/stm32f4xx_hal_gpio.o
                0x0000000008000484                HAL_GPIO_Init
 .text.HAL_RCC_OscConfig
                0x0000000008000738      0x4b0 ./system/src/stm32f4-hal/stm32f4xx_hal_rcc.o
                0x0000000008000738                HAL_RCC_OscConfig
 .text.HAL_RCC_ClockConfig
                0x0000000008000be8      0x32c ./system/src/stm32f4-hal/stm32f4xx_hal_rcc.o
                0x0000000008000be8                HAL_RCC_ClockConfig
 .text.HAL_RCC_GetSysClockFreq
                0x0000000008000f14       0xb0 ./system/src/stm32f4-hal/stm32f4xx_hal_rcc.o
                0x0000000008000f14                HAL_RCC_GetSysClockFreq
 .text.HAL_RCC_GetHCLKFreq
                0x0000000008000fc4       0x38 ./system/src/stm32f4-hal/stm32f4xx_hal_rcc.o
                0x0000000008000fc4                HAL_RCC_GetHCLKFreq
 .text.HAL_RCC_GetPCLK1Freq
                0x0000000008000ffc       0x30 ./system/src/stm32f4-hal/stm32f4xx_hal_rcc.o
                0x0000000008000ffc                HAL_RCC_GetPCLK1Freq
 .text.HAL_RCC_GetPCLK2Freq
                0x000000000800102c       0x30 ./system/src/stm32f4-hal/stm32f4xx_hal_rcc.o
                0x000000000800102c                HAL_RCC_GetPCLK2Freq
 .text.UART_SetConfig
                0x000000000800105c      0x2f8 ./system/src/stm32f4-hal/stm32f4xx_hal_uart.o
 .text.UART_WaitOnFlagUntilTimeout
                0x0000000008001354       0xd4 ./system/src/stm32f4-hal/stm32f4xx_hal_uart.o
 .text.HAL_UART_Init
                0x0000000008001428       0xac ./system/src/stm32f4-hal/stm32f4xx_hal_uart.o
                0x0000000008001428                HAL_UART_Init
 .text.HAL_UART_Transmit
                0x00000000080014d4       0xec ./system/src/stm32f4-hal/stm32f4xx_hal_uart.o
                0x00000000080014d4                HAL_UART_Transmit
 .text._exit    0x00000000080015c0        0x4 ./system/src/newlib/_exit.o
                0x00000000080015c0                _exit
 .text.abort    0x00000000080015c4        0x8 ./system/src/newlib/_exit.o
                0x00000000080015c4                abort
 .text.__initialize_args
                0x00000000080015cc       0x10 ./system/src/newlib/_syscalls.o
                0x00000000080015cc                __initialize_args
 .text.assert_failed
                0x00000000080015dc        0x8 ./system/src/newlib/assert.o
                0x00000000080015dc                assert_failed
 .text.__initialize_hardware_early
                0x00000000080015e4        0x8 ./system/src/cortexm/_initialize_hardware.o
                0x00000000080015e4                __initialize_hardware_early
 .text.SystemInit
                0x00000000080015ec       0x40 ./system/src/cmsis/system_stm32f4xx.o
                0x00000000080015ec                SystemInit
 .text.MX_USART2_UART_Init
                0x000000000800162c       0x2c ./src/_initialize_hardware.o
 .text.configure_system_clock
                0x0000000008001658       0x68 ./src/_initialize_hardware.o
                0x0000000008001658                configure_system_clock
 .text.__initialize_hardware
                0x00000000080016c0       0x18 ./src/_initialize_hardware.o
                0x00000000080016c0                __initialize_hardware
 .text.HAL_UART_MspInit
                0x00000000080016d8       0x48 ./src/_initialize_hardware.o
                0x00000000080016d8                HAL_UART_MspInit
 .text.main     0x0000000008001720       0x24 ./src/main.o
                0x0000000008001720                main
 .text.strlen   0x0000000008001744       0x10 /Users/cnoviello/STM32Toolchain/gcc-arm-none-eabi-4_8-2014q3/bin/../lib/gcc/arm-none-eabi/4.8.4/../../../../arm-none-eabi/lib/armv7e-m/libg_s.a(lib_a-strlen.o)
                0x0000000008001744                strlen
 *(.rodata .rodata.* .constdata .constdata.*)
 .rodata.str1.4
                0x0000000008001754       0x31 ./system/src/stm32f4-hal/stm32f4xx_hal_cortex.o
                                         0x34 (size before relaxing)
 *fill*         0x0000000008001785        0x3 
 .rodata.str1.4
                0x0000000008001788       0x2f ./system/src/stm32f4-hal/stm32f4xx_hal_gpio.o
                                         0x30 (size before relaxing)
 *fill*         0x00000000080017b7        0x1 
 .rodata.APBAHBPrescTable
                0x00000000080017b8       0x10 ./system/src/stm32f4-hal/stm32f4xx_hal_rcc.o
                0x00000000080017b8                APBAHBPrescTable
 .rodata.str1.4
                0x00000000080017c8       0x2e ./system/src/stm32f4-hal/stm32f4xx_hal_rcc.o
                                         0x30 (size before relaxing)
 *fill*         0x00000000080017f6        0x2 
 .rodata.str1.4
                0x00000000080017f8       0x2f ./system/src/stm32f4-hal/stm32f4xx_hal_uart.o
                                         0x30 (size before relaxing)
 *fill*         0x0000000008001827        0x1 
 .rodata.str1.4
                0x0000000008001828       0x14 ./src/main.o
 *(vtable)
 *(.eh_frame*)
 *(.glue_7)
 .glue_7        0x0000000000000000        0x0 linker stubs
 *(.glue_7t)
 .glue_7t       0x0000000000000000        0x0 linker stubs

.vfp11_veneer   0x000000000800183c        0x0
 .vfp11_veneer  0x0000000000000000        0x0 linker stubs

.v4_bx          0x000000000800183c        0x0
 .v4_bx         0x0000000000000000        0x0 linker stubs

.iplt           0x000000000800183c        0x0
 .iplt          0x0000000000000000        0x0 ./system/src/stm32f4-hal/stm32f4xx_hal.o

.rel.dyn        0x000000000800183c        0x0
 .rel.iplt      0x0000000000000000        0x0 ./system/src/stm32f4-hal/stm32f4xx_hal.o

.ARM.extab
 *(.ARM.extab* .gnu.linkonce.armextab.*)
                0x000000000800183c                . = ALIGN (0x4)
                0x000000000800183c                __exidx_start = .

.ARM.exidx
 *(.ARM.exidx* .gnu.linkonce.armexidx.*)
                0x000000000800183c                __exidx_end = .
                0x000000000800183c                . = ALIGN (0x4)
                0x000000000800183c                _etext = .
                0x000000000800183c                __etext = .

.data_CCMRAM    0x0000000010000000        0x0 load address 0x000000000800183c
 FILL mask 0xff
 *(.data.CCMRAM .data.CCMRAM.*)
                0x0000000010000000                . = ALIGN (0x4)
                0x000000000800183c                _sidata = LOADADDR (.data)

.data           0x0000000020000000       0x14 load address 0x000000000800183c
 FILL mask 0xff
                0x0000000020000000                _sdata = .
                0x0000000020000000                __data_start__ = .
 *(.data_begin .data_begin.*)
 .data_begin    0x0000000020000000        0x4 ./system/src/newlib/_startup.o
 *(.data .data.*)
 .data.argv.4014
                0x0000000020000004        0x8 ./system/src/newlib/_syscalls.o
 .data.SystemCoreClock
                0x000000002000000c        0x4 ./system/src/cmsis/system_stm32f4xx.o
                0x000000002000000c                SystemCoreClock
 *(.data_end .data_end.*)
 .data_end      0x0000000020000010        0x4 ./system/src/newlib/_startup.o
                0x0000000020000014                . = ALIGN (0x4)
                0x0000000020000014                _edata = .
                0x0000000020000014                __data_end__ = .

.igot.plt       0x0000000020000014        0x0 load address 0x0000000008001850
 .igot.plt      0x0000000000000000        0x0 ./system/src/stm32f4-hal/stm32f4xx_hal.o

.bss_CCMRAM     0x0000000010000000        0x0
 *(.bss.CCMRAM .bss.CCMRAM.*)

.bss            0x0000000020000014       0x4c
                0x0000000020000014                __bss_start__ = .
                0x0000000020000014                _sbss = .
 *(.bss_begin .bss_begin.*)
 .bss_begin     0x0000000020000014        0x4 ./system/src/newlib/_startup.o
 *(.bss .bss.*)
 .bss.uwTick    0x0000000020000018        0x4 ./system/src/stm32f4-hal/stm32f4xx_hal.o
 .bss.name.4013
                0x000000002000001c        0x4 ./system/src/newlib/_syscalls.o
 *(COMMON)
 COMMON         0x0000000020000020       0x3c ./src/_initialize_hardware.o
                0x0000000020000020                huart2
 *(.bss_end .bss_end.*)
 .bss_end       0x000000002000005c        0x4 ./system/src/newlib/_startup.o
                0x0000000020000060                . = ALIGN (0x4)
                0x0000000020000060                __bss_end__ = .
                0x0000000020000060                _ebss = .

.noinit_CCMRAM
 *(.noinit.CCMRAM .noinit.CCMRAM.*)

.noinit         0x0000000020000060        0x0
                0x0000000020000060                _noinit = .
 *(.noinit .noinit.*)
                0x0000000020000060                . = ALIGN (0x4)
                0x0000000020000060                _end_noinit = .
                0x0000000020000060                PROVIDE (end, _end_noinit)
                0x0000000020000060                PROVIDE (_end, _end_noinit)
                0x0000000020000060                PROVIDE (__end, _end_noinit)
                0x0000000020000060                PROVIDE (__end__, _end_noinit)

._check_stack   0x0000000020000060      0x100
                0x0000000020000160                . = (. + _Minimum_Stack_Size)
 *fill*         0x0000000020000060      0x100 

.b1text
 *(.b1text)
 *(.b1rodata)
 *(.b1rodata.*)

.eb0text
 *(.eb0text)
 *(.eb0rodata)
 *(.eb0rodata.*)

.eb1text
 *(.eb1text)
 *(.eb1rodata)
 *(.eb1rodata.*)

.eb2text
 *(.eb2text)
 *(.eb2rodata)
 *(.eb2rodata.*)

.eb3text
 *(.eb3text)
 *(.eb3rodata)
 *(.eb3rodata.*)

.stab
 *(.stab)

.stabstr
 *(.stabstr)

.stab.excl
 *(.stab.excl)

.stab.exclstr
 *(.stab.exclstr)

.stab.index
 *(.stab.index)

.stab.indexstr
 *(.stab.indexstr)

.comment        0x0000000000000000       0x70
 *(.comment)
 .comment       0x0000000000000000       0x70 ./system/src/stm32f4-hal/stm32f4xx_hal.o
                                         0x71 (size before relaxing)
 .comment       0x0000000000000000       0x71 ./system/src/stm32f4-hal/stm32f4xx_hal_cortex.o
 .comment       0x0000000000000000       0x71 ./system/src/stm32f4-hal/stm32f4xx_hal_gpio.o
 .comment       0x0000000000000000       0x71 ./system/src/stm32f4-hal/stm32f4xx_hal_rcc.o
 .comment       0x0000000000000000       0x71 ./system/src/stm32f4-hal/stm32f4xx_hal_uart.o
 .comment       0x0000000000000000       0x71 ./system/src/newlib/_exit.o
 .comment       0x0000000000000000       0x71 ./system/src/newlib/_startup.o
 .comment       0x0000000000000000       0x71 ./system/src/newlib/_syscalls.o
 .comment       0x0000000000000000       0x71 ./system/src/newlib/assert.o
 .comment       0x0000000000000000       0x71 ./system/src/cortexm/_initialize_hardware.o
 .comment       0x0000000000000000       0x71 ./system/src/cortexm/exception_handlers.o
 .comment       0x0000000000000000       0x71 ./system/src/cmsis/system_stm32f4xx.o
 .comment       0x0000000000000000       0x71 ./system/src/cmsis/vectors_stm32f4xx.o
 .comment       0x0000000000000000       0x71 ./src/_initialize_hardware.o
 .comment       0x0000000000000000       0x71 ./src/main.o

.ARM.attributes
                0x0000000000000000       0x33
 .ARM.attributes
                0x0000000000000000       0x33 ./system/src/stm32f4-hal/stm32f4xx_hal.o
 .ARM.attributes
                0x0000000000000033       0x33 ./system/src/stm32f4-hal/stm32f4xx_hal_cortex.o
 .ARM.attributes
                0x0000000000000066       0x33 ./system/src/stm32f4-hal/stm32f4xx_hal_gpio.o
 .ARM.attributes
                0x0000000000000099       0x33 ./system/src/stm32f4-hal/stm32f4xx_hal_rcc.o
 .ARM.attributes
                0x00000000000000cc       0x33 ./system/src/stm32f4-hal/stm32f4xx_hal_uart.o
 .ARM.attributes
                0x00000000000000ff       0x33 ./system/src/newlib/_exit.o
 .ARM.attributes
                0x0000000000000132       0x33 ./system/src/newlib/_startup.o
 .ARM.attributes
                0x0000000000000165       0x33 ./system/src/newlib/_syscalls.o
 .ARM.attributes
                0x0000000000000198       0x33 ./system/src/newlib/assert.o
 .ARM.attributes
                0x00000000000001cb       0x33 ./system/src/cortexm/_initialize_hardware.o
 .ARM.attributes
                0x00000000000001fe       0x33 ./system/src/cortexm/exception_handlers.o
 .ARM.attributes
                0x0000000000000231       0x33 ./system/src/cmsis/system_stm32f4xx.o
 .ARM.attributes
                0x0000000000000264       0x33 ./system/src/cmsis/vectors_stm32f4xx.o
 .ARM.attributes
                0x0000000000000297       0x33 ./src/_initialize_hardware.o
 .ARM.attributes
                0x00000000000002ca       0x33 ./src/main.o
 .ARM.attributes
                0x00000000000002fd       0x2e /Users/cnoviello/STM32Toolchain/gcc-arm-none-eabi-4_8-2014q3/bin/../lib/gcc/arm-none-eabi/4.8.4/../../../../arm-none-eabi/lib/armv7e-m/libg_s.a(lib_a-strlen.o)

.debug
 *(.debug)

.line
 *(.line)

.debug_srcinfo
 *(.debug_srcinfo)

.debug_sfnames
 *(.debug_sfnames)

.debug_aranges  0x0000000000000000      0x568
 *(.debug_aranges)
 .debug_aranges
                0x0000000000000000       0xc0 ./system/src/stm32f4-hal/stm32f4xx_hal.o
 .debug_aranges
                0x00000000000000c0       0x90 ./system/src/stm32f4-hal/stm32f4xx_hal_cortex.o
 .debug_aranges
                0x0000000000000150       0x58 ./system/src/stm32f4-hal/stm32f4xx_hal_gpio.o
 .debug_aranges
                0x00000000000001a8       0x88 ./system/src/stm32f4-hal/stm32f4xx_hal_rcc.o
 .debug_aranges
                0x0000000000000230      0x148 ./system/src/stm32f4-hal/stm32f4xx_hal_uart.o
 .debug_aranges
                0x0000000000000378       0x28 ./system/src/newlib/_exit.o
 .debug_aranges
                0x00000000000003a0       0x40 ./system/src/newlib/_startup.o
 .debug_aranges
                0x00000000000003e0       0x30 ./system/src/newlib/_syscalls.o
 .debug_aranges
                0x0000000000000410       0x28 ./system/src/newlib/assert.o
 .debug_aranges
                0x0000000000000438       0x28 ./system/src/cortexm/_initialize_hardware.o
 .debug_aranges
                0x0000000000000460       0x68 ./system/src/cortexm/exception_handlers.o
 .debug_aranges
                0x00000000000004c8       0x28 ./system/src/cmsis/system_stm32f4xx.o
 .debug_aranges
                0x00000000000004f0       0x20 ./system/src/cmsis/vectors_stm32f4xx.o
 .debug_aranges
                0x0000000000000510       0x38 ./src/_initialize_hardware.o
 .debug_aranges
                0x0000000000000548       0x20 ./src/main.o

.debug_pubnames
 *(.debug_pubnames)

.debug_info     0x0000000000000000     0x6443
 *(.debug_info .gnu.linkonce.wi.*)
 .debug_info    0x0000000000000000      0x7dd ./system/src/stm32f4-hal/stm32f4xx_hal.o
 .debug_info    0x00000000000007dd      0xcd3 ./system/src/stm32f4-hal/stm32f4xx_hal_cortex.o
 .debug_info    0x00000000000014b0      0x807 ./system/src/stm32f4-hal/stm32f4xx_hal_gpio.o
 .debug_info    0x0000000000001cb7     0x1317 ./system/src/stm32f4-hal/stm32f4xx_hal_rcc.o
 .debug_info    0x0000000000002fce     0x13a0 ./system/src/stm32f4-hal/stm32f4xx_hal_uart.o
 .debug_info    0x000000000000436e       0xee ./system/src/newlib/_exit.o
 .debug_info    0x000000000000445c      0x50f ./system/src/newlib/_startup.o
 .debug_info    0x000000000000496b      0x1a9 ./system/src/newlib/_syscalls.o
 .debug_info    0x0000000000004b14      0x168 ./system/src/newlib/assert.o
 .debug_info    0x0000000000004c7c       0xdf ./system/src/cortexm/_initialize_hardware.o
 .debug_info    0x0000000000004d5b       0xe9 ./system/src/cortexm/exception_handlers.o
 .debug_info    0x0000000000004e44      0x486 ./system/src/cmsis/system_stm32f4xx.o
 .debug_info    0x00000000000052ca       0x92 ./system/src/cmsis/vectors_stm32f4xx.o
 .debug_info    0x000000000000535c      0xac9 ./src/_initialize_hardware.o
 .debug_info    0x0000000000005e25      0x61e ./src/main.o

.debug_abbrev   0x0000000000000000     0x16bb
 *(.debug_abbrev)
 .debug_abbrev  0x0000000000000000      0x222 ./system/src/stm32f4-hal/stm32f4xx_hal.o
 .debug_abbrev  0x0000000000000222      0x2c5 ./system/src/stm32f4-hal/stm32f4xx_hal_cortex.o
 .debug_abbrev  0x00000000000004e7      0x1fe ./system/src/stm32f4-hal/stm32f4xx_hal_gpio.o
 .debug_abbrev  0x00000000000006e5      0x2fb ./system/src/stm32f4-hal/stm32f4xx_hal_rcc.o
 .debug_abbrev  0x00000000000009e0      0x271 ./system/src/stm32f4-hal/stm32f4xx_hal_uart.o
 .debug_abbrev  0x0000000000000c51       0xb7 ./system/src/newlib/_exit.o
 .debug_abbrev  0x0000000000000d08      0x211 ./system/src/newlib/_startup.o
 .debug_abbrev  0x0000000000000f19       0xe7 ./system/src/newlib/_syscalls.o
 .debug_abbrev  0x0000000000001000       0xb6 ./system/src/newlib/assert.o
 .debug_abbrev  0x00000000000010b6       0x88 ./system/src/cortexm/_initialize_hardware.o
 .debug_abbrev  0x000000000000113e       0x65 ./system/src/cortexm/exception_handlers.o
 .debug_abbrev  0x00000000000011a3      0x104 ./system/src/cmsis/system_stm32f4xx.o
 .debug_abbrev  0x00000000000012a7       0x92 ./system/src/cmsis/vectors_stm32f4xx.o
 .debug_abbrev  0x0000000000001339      0x1e8 ./src/_initialize_hardware.o
 .debug_abbrev  0x0000000000001521      0x19a ./src/main.o

.debug_line     0x0000000000000000     0x5d61
 *(.debug_line)
 .debug_line    0x0000000000000000      0x825 ./system/src/stm32f4-hal/stm32f4xx_hal.o
 .debug_line    0x0000000000000825      0x85d ./system/src/stm32f4-hal/stm32f4xx_hal_cortex.o
 .debug_line    0x0000000000001082      0x82b ./system/src/stm32f4-hal/stm32f4xx_hal_gpio.o
 .debug_line    0x00000000000018ad      0xb76 ./system/src/stm32f4-hal/stm32f4xx_hal_rcc.o
 .debug_line    0x0000000000002423      0xdca ./system/src/stm32f4-hal/stm32f4xx_hal_uart.o
 .debug_line    0x00000000000031ed      0x2c1 ./system/src/newlib/_exit.o
 .debug_line    0x00000000000034ae      0x344 ./system/src/newlib/_startup.o
 .debug_line    0x00000000000037f2      0x37b ./system/src/newlib/_syscalls.o
 .debug_line    0x0000000000003b6d      0x2ea ./system/src/newlib/assert.o
 .debug_line    0x0000000000003e57      0x6db ./system/src/cortexm/_initialize_hardware.o
 .debug_line    0x0000000000004532       0x9f ./system/src/cortexm/exception_handlers.o
 .debug_line    0x00000000000045d1      0x6dc ./system/src/cmsis/system_stm32f4xx.o
 .debug_line    0x0000000000004cad       0x89 ./system/src/cmsis/vectors_stm32f4xx.o
 .debug_line    0x0000000000004d36      0x704 ./src/_initialize_hardware.o
 .debug_line    0x000000000000543a      0x927 ./src/main.o

.debug_frame    0x0000000000000000      0xb78
 *(.debug_frame)
 .debug_frame   0x0000000000000000      0x184 ./system/src/stm32f4-hal/stm32f4xx_hal.o
 .debug_frame   0x0000000000000184      0x134 ./system/src/stm32f4-hal/stm32f4xx_hal_cortex.o
 .debug_frame   0x00000000000002b8       0xf0 ./system/src/stm32f4-hal/stm32f4xx_hal_gpio.o
 .debug_frame   0x00000000000003a8      0x138 ./system/src/stm32f4-hal/stm32f4xx_hal_rcc.o
 .debug_frame   0x00000000000004e0      0x350 ./system/src/stm32f4-hal/stm32f4xx_hal_uart.o
 .debug_frame   0x0000000000000830       0x38 ./system/src/newlib/_exit.o
 .debug_frame   0x0000000000000868       0x7c ./system/src/newlib/_startup.o
 .debug_frame   0x00000000000008e4       0x50 ./system/src/newlib/_syscalls.o
 .debug_frame   0x0000000000000934       0x40 ./system/src/newlib/assert.o
 .debug_frame   0x0000000000000974       0x40 ./system/src/cortexm/_initialize_hardware.o
 .debug_frame   0x00000000000009b4       0xb8 ./system/src/cortexm/exception_handlers.o
 .debug_frame   0x0000000000000a6c       0x30 ./system/src/cmsis/system_stm32f4xx.o
 .debug_frame   0x0000000000000a9c       0x20 ./system/src/cmsis/vectors_stm32f4xx.o
 .debug_frame   0x0000000000000abc       0x74 ./src/_initialize_hardware.o
 .debug_frame   0x0000000000000b30       0x28 ./src/main.o
 .debug_frame   0x0000000000000b58       0x20 /Users/cnoviello/STM32Toolchain/gcc-arm-none-eabi-4_8-2014q3/bin/../lib/gcc/arm-none-eabi/4.8.4/../../../../arm-none-eabi/lib/armv7e-m/libg_s.a(lib_a-strlen.o)

.debug_str      0x0000000000000000    0x5847a
 *(.debug_str)
 .debug_str     0x0000000000000000    0x5196f ./system/src/stm32f4-hal/stm32f4xx_hal.o
                                      0x51b22 (size before relaxing)
 .debug_str     0x000000000005196f      0x2a3 ./system/src/stm32f4-hal/stm32f4xx_hal_cortex.o
                                      0x518ee (size before relaxing)
 .debug_str     0x0000000000051c12      0x5fe ./system/src/stm32f4-hal/stm32f4xx_hal_gpio.o
                                      0x51886 (size before relaxing)
 .debug_str     0x0000000000052210      0x437 ./system/src/stm32f4-hal/stm32f4xx_hal_rcc.o
                                      0x51796 (size before relaxing)
 .debug_str     0x0000000000052647      0x830 ./system/src/stm32f4-hal/stm32f4xx_hal_uart.o
                                      0x51a44 (size before relaxing)
 .debug_str     0x0000000000052e77     0x2989 ./system/src/newlib/_exit.o
                                       0x4f24 (size before relaxing)
 .debug_str     0x0000000000055800      0x2cc ./system/src/newlib/_startup.o
                                       0x4116 (size before relaxing)
 .debug_str     0x0000000000055acc     0x109c ./system/src/newlib/_syscalls.o
                                       0x5149 (size before relaxing)
 .debug_str     0x0000000000056b68       0xdc ./system/src/newlib/assert.o
                                       0x5a30 (size before relaxing)
 .debug_str     0x0000000000056c44       0x67 ./system/src/cortexm/_initialize_hardware.o
                                      0x511a7 (size before relaxing)
 .debug_str     0x0000000000056cab       0xe8 ./system/src/cortexm/exception_handlers.o
                                       0x2566 (size before relaxing)
 .debug_str     0x0000000000056d93       0x46 ./system/src/cmsis/system_stm32f4xx.o
                                      0x51305 (size before relaxing)
 .debug_str     0x0000000000056dd9       0x57 ./system/src/cmsis/vectors_stm32f4xx.o
                                       0x2503 (size before relaxing)
 .debug_str     0x0000000000056e30       0x50 ./src/_initialize_hardware.o
                                      0x51969 (size before relaxing)
 .debug_str     0x0000000000056e80     0x15fa ./src/main.o
                                      0x5551f (size before relaxing)

.debug_loc      0x0000000000000000     0x2874
 *(.debug_loc)
 .debug_loc     0x0000000000000000       0x6a ./system/src/stm32f4-hal/stm32f4xx_hal.o
 .debug_loc     0x000000000000006a      0x63b ./system/src/stm32f4-hal/stm32f4xx_hal_cortex.o
 .debug_loc     0x00000000000006a5      0x41e ./system/src/stm32f4-hal/stm32f4xx_hal_gpio.o
 .debug_loc     0x0000000000000ac3      0x804 ./system/src/stm32f4-hal/stm32f4xx_hal_rcc.o
 .debug_loc     0x00000000000012c7      0xf8e ./system/src/stm32f4-hal/stm32f4xx_hal_uart.o
 .debug_loc     0x0000000000002255      0x36e ./system/src/newlib/_startup.o
 .debug_loc     0x00000000000025c3       0x63 ./system/src/newlib/_syscalls.o
 .debug_loc     0x0000000000002626       0xc6 ./system/src/newlib/assert.o
 .debug_loc     0x00000000000026ec      0x125 ./system/src/cmsis/system_stm32f4xx.o
 .debug_loc     0x0000000000002811       0x21 ./src/_initialize_hardware.o
 .debug_loc     0x0000000000002832       0x42 ./src/main.o

.debug_macinfo
 *(.debug_macinfo)

.debug_weaknames
 *(.debug_weaknames)

.debug_funcnames
 *(.debug_funcnames)

.debug_typenames
 *(.debug_typenames)

.debug_varnames
 *(.debug_varnames)
OUTPUT(stm32-nucleof4-uart.elf elf32-littlearm)

.debug_ranges   0x0000000000000000      0x478
 .debug_ranges  0x0000000000000000       0xb0 ./system/src/stm32f4-hal/stm32f4xx_hal.o
 .debug_ranges  0x00000000000000b0       0x80 ./system/src/stm32f4-hal/stm32f4xx_hal_cortex.o
 .debug_ranges  0x0000000000000130       0x48 ./system/src/stm32f4-hal/stm32f4xx_hal_gpio.o
 .debug_ranges  0x0000000000000178       0x78 ./system/src/stm32f4-hal/stm32f4xx_hal_rcc.o
 .debug_ranges  0x00000000000001f0      0x138 ./system/src/stm32f4-hal/stm32f4xx_hal_uart.o
 .debug_ranges  0x0000000000000328       0x18 ./system/src/newlib/_exit.o
 .debug_ranges  0x0000000000000340       0x30 ./system/src/newlib/_startup.o
 .debug_ranges  0x0000000000000370       0x20 ./system/src/newlib/_syscalls.o
 .debug_ranges  0x0000000000000390       0x18 ./system/src/newlib/assert.o
 .debug_ranges  0x00000000000003a8       0x18 ./system/src/cortexm/_initialize_hardware.o
 .debug_ranges  0x00000000000003c0       0x58 ./system/src/cortexm/exception_handlers.o
 .debug_ranges  0x0000000000000418       0x18 ./system/src/cmsis/system_stm32f4xx.o
 .debug_ranges  0x0000000000000430       0x10 ./system/src/cmsis/vectors_stm32f4xx.o
 .debug_ranges  0x0000000000000440       0x28 ./src/_initialize_hardware.o
 .debug_ranges  0x0000000000000468       0x10 ./src/main.o

.debug_macro    0x0000000000000000     0xe737
 .debug_macro   0x0000000000000000      0x322 ./system/src/stm32f4-hal/stm32f4xx_hal.o
 .debug_macro   0x0000000000000322      0x86e ./system/src/stm32f4-hal/stm32f4xx_hal.o
 .debug_macro   0x0000000000000b90      0x250 ./system/src/stm32f4-hal/stm32f4xx_hal.o
 .debug_macro   0x0000000000000de0       0x28 ./system/src/stm32f4-hal/stm32f4xx_hal.o
 .debug_macro   0x0000000000000e08       0x28 ./system/src/stm32f4-hal/stm32f4xx_hal.o
 .debug_macro   0x0000000000000e30       0x3b ./system/src/stm32f4-hal/stm32f4xx_hal.o
 .debug_macro   0x0000000000000e6b      0x34e ./system/src/stm32f4-hal/stm32f4xx_hal.o
 .debug_macro   0x00000000000011b9       0x2d ./system/src/stm32f4-hal/stm32f4xx_hal.o
 .debug_macro   0x00000000000011e6       0x26 ./system/src/stm32f4-hal/stm32f4xx_hal.o
 .debug_macro   0x000000000000120c      0xd39 ./system/src/stm32f4-hal/stm32f4xx_hal.o
 .debug_macro   0x0000000000001f45     0x4f96 ./system/src/stm32f4-hal/stm32f4xx_hal.o
 .debug_macro   0x0000000000006edb       0x43 ./system/src/stm32f4-hal/stm32f4xx_hal.o
 .debug_macro   0x0000000000006f1e       0x57 ./system/src/stm32f4-hal/stm32f4xx_hal.o
 .debug_macro   0x0000000000006f75      0xb9c ./system/src/stm32f4-hal/stm32f4xx_hal.o
 .debug_macro   0x0000000000007b11       0x26 ./system/src/stm32f4-hal/stm32f4xx_hal.o
 .debug_macro   0x0000000000007b37      0x13f ./system/src/stm32f4-hal/stm32f4xx_hal.o
 .debug_macro   0x0000000000007c76       0xf1 ./system/src/stm32f4-hal/stm32f4xx_hal.o
 .debug_macro   0x0000000000007d67      0x2cd ./system/src/stm32f4-hal/stm32f4xx_hal.o
 .debug_macro   0x0000000000008034       0x52 ./system/src/stm32f4-hal/stm32f4xx_hal.o
 .debug_macro   0x0000000000008086      0x3ec ./system/src/stm32f4-hal/stm32f4xx_hal.o
 .debug_macro   0x0000000000008472      0x14c ./system/src/stm32f4-hal/stm32f4xx_hal.o
 .debug_macro   0x00000000000085be       0x22 ./system/src/stm32f4-hal/stm32f4xx_hal.o
 .debug_macro   0x00000000000085e0      0x132 ./system/src/stm32f4-hal/stm32f4xx_hal.o
 .debug_macro   0x0000000000008712      0x25d ./system/src/stm32f4-hal/stm32f4xx_hal.o
 .debug_macro   0x000000000000896f      0x1e6 ./system/src/stm32f4-hal/stm32f4xx_hal.o
 .debug_macro   0x0000000000008b55       0x22 ./system/src/stm32f4-hal/stm32f4xx_hal.o
 .debug_macro   0x0000000000008b77      0x1ae ./system/src/stm32f4-hal/stm32f4xx_hal.o
 .debug_macro   0x0000000000008d25       0xa4 ./system/src/stm32f4-hal/stm32f4xx_hal.o
 .debug_macro   0x0000000000008dc9      0x16e ./system/src/stm32f4-hal/stm32f4xx_hal.o
 .debug_macro   0x0000000000008f37       0x52 ./system/src/stm32f4-hal/stm32f4xx_hal.o
 .debug_macro   0x0000000000008f89      0x3d7 ./system/src/stm32f4-hal/stm32f4xx_hal.o
 .debug_macro   0x0000000000009360      0x313 ./system/src/stm32f4-hal/stm32f4xx_hal.o
 .debug_macro   0x0000000000009673      0x4b7 ./system/src/stm32f4-hal/stm32f4xx_hal.o
 .debug_macro   0x0000000000009b2a      0x22b ./system/src/stm32f4-hal/stm32f4xx_hal.o
 .debug_macro   0x0000000000009d55      0x1d1 ./system/src/stm32f4-hal/stm32f4xx_hal.o
 .debug_macro   0x0000000000009f26      0x84c ./system/src/stm32f4-hal/stm32f4xx_hal.o
 .debug_macro   0x000000000000a772       0x4d ./system/src/stm32f4-hal/stm32f4xx_hal.o
 .debug_macro   0x000000000000a7bf      0x23a ./system/src/stm32f4-hal/stm32f4xx_hal.o
 .debug_macro   0x000000000000a9f9      0x1d8 ./system/src/stm32f4-hal/stm32f4xx_hal.o
 .debug_macro   0x000000000000abd1      0x168 ./system/src/stm32f4-hal/stm32f4xx_hal.o
 .debug_macro   0x000000000000ad39      0x1d8 ./system/src/stm32f4-hal/stm32f4xx_hal.o
 .debug_macro   0x000000000000af11       0x85 ./system/src/stm32f4-hal/stm32f4xx_hal.o
 .debug_macro   0x000000000000af96      0x1df ./system/src/stm32f4-hal/stm32f4xx_hal.o
 .debug_macro   0x000000000000b175      0x108 ./system/src/stm32f4-hal/stm32f4xx_hal.o
 .debug_macro   0x000000000000b27d       0x12 ./system/src/stm32f4-hal/stm32f4xx_hal.o
 .debug_macro   0x000000000000b28f       0x74 ./system/src/stm32f4-hal/stm32f4xx_hal.o
 .debug_macro   0x000000000000b303      0x11f ./system/src/stm32f4-hal/stm32f4xx_hal.o
 .debug_macro   0x000000000000b422      0x2d4 ./system/src/stm32f4-hal/stm32f4xx_hal_cortex.o
 .debug_macro   0x000000000000b6f6      0x313 ./system/src/stm32f4-hal/stm32f4xx_hal_gpio.o
 .debug_macro   0x000000000000ba09      0x316 ./system/src/stm32f4-hal/stm32f4xx_hal_rcc.o
 .debug_macro   0x000000000000bd1f      0x2dc ./system/src/stm32f4-hal/stm32f4xx_hal_uart.o
 .debug_macro   0x000000000000bffb      0x11b ./system/src/newlib/_exit.o
 .debug_macro   0x000000000000c116       0xa3 ./system/src/newlib/_exit.o
 .debug_macro   0x000000000000c1b9      0x10e ./system/src/newlib/_exit.o
 .debug_macro   0x000000000000c2c7       0x86 ./system/src/newlib/_exit.o
 .debug_macro   0x000000000000c34d       0x43 ./system/src/newlib/_exit.o
 .debug_macro   0x000000000000c390       0x10 ./system/src/newlib/_exit.o
 .debug_macro   0x000000000000c3a0       0x35 ./system/src/newlib/_exit.o
 .debug_macro   0x000000000000c3d5       0xdb ./system/src/newlib/_startup.o
 .debug_macro   0x000000000000c4b0      0x874 ./system/src/newlib/_startup.o
 .debug_macro   0x000000000000cd24      0x169 ./system/src/newlib/_syscalls.o
 .debug_macro   0x000000000000ce8d       0x1c ./system/src/newlib/_syscalls.o
 .debug_macro   0x000000000000cea9       0x10 ./system/src/newlib/_syscalls.o
 .debug_macro   0x000000000000ceb9       0x10 ./system/src/newlib/_syscalls.o
 .debug_macro   0x000000000000cec9       0x10 ./system/src/newlib/_syscalls.o
 .debug_macro   0x000000000000ced9       0x35 ./system/src/newlib/_syscalls.o
 .debug_macro   0x000000000000cf0e      0x120 ./system/src/newlib/_syscalls.o
 .debug_macro   0x000000000000d02e       0x22 ./system/src/newlib/_syscalls.o
 .debug_macro   0x000000000000d050       0x2b ./system/src/newlib/_syscalls.o
 .debug_macro   0x000000000000d07b      0x118 ./system/src/newlib/_syscalls.o
 .debug_macro   0x000000000000d193      0x13a ./system/src/newlib/_syscalls.o
 .debug_macro   0x000000000000d2cd       0x16 ./system/src/newlib/_syscalls.o
 .debug_macro   0x000000000000d2e3      0x137 ./system/src/newlib/assert.o
 .debug_macro   0x000000000000d41a       0x1c ./system/src/newlib/assert.o
 .debug_macro   0x000000000000d436      0x2de ./system/src/cortexm/_initialize_hardware.o
 .debug_macro   0x000000000000d714       0x1b ./system/src/cortexm/exception_handlers.o
 .debug_macro   0x000000000000d72f      0x2da ./system/src/cmsis/system_stm32f4xx.o
 .debug_macro   0x000000000000da09       0x1b ./system/src/cmsis/vectors_stm32f4xx.o
 .debug_macro   0x000000000000da24      0x2d4 ./src/_initialize_hardware.o
 .debug_macro   0x000000000000dcf8      0x40e ./src/main.o
 .debug_macro   0x000000000000e106       0x16 ./src/main.o
 .debug_macro   0x000000000000e11c       0x97 ./src/main.o
 .debug_macro   0x000000000000e1b3       0x10 ./src/main.o
 .debug_macro   0x000000000000e1c3       0xf6 ./src/main.o
 .debug_macro   0x000000000000e2b9       0x16 ./src/main.o
 .debug_macro   0x000000000000e2cf      0x16c ./src/main.o
 .debug_macro   0x000000000000e43b      0x283 ./src/main.o
 .debug_macro   0x000000000000e6be       0x10 ./src/main.o
 .debug_macro   0x000000000000e6ce       0x1f ./src/main.o
 .debug_macro   0x000000000000e6ed       0x4a ./src/main.o
