Archive member included because of file (symbol)

/Users/cnoviello/STM32Toolchain/gcc-arm-none-eabi-4_8-2014q3/bin/../lib/gcc/arm-none-eabi/4.8.4/armv7e-m/libgcc.a(_aeabi_uldivmod.o)
                              ./src/sensor_service.o (__aeabi_uldivmod)
/Users/cnoviello/STM32Toolchain/gcc-arm-none-eabi-4_8-2014q3/bin/../lib/gcc/arm-none-eabi/4.8.4/armv7e-m/libgcc.a(bpabi.o)
                              /Users/cnoviello/STM32Toolchain/gcc-arm-none-eabi-4_8-2014q3/bin/../lib/gcc/arm-none-eabi/4.8.4/armv7e-m/libgcc.a(_aeabi_uldivmod.o) (__gnu_uldivmod_helper)
/Users/cnoviello/STM32Toolchain/gcc-arm-none-eabi-4_8-2014q3/bin/../lib/gcc/arm-none-eabi/4.8.4/armv7e-m/libgcc.a(_dvmd_tls.o)
                              /Users/cnoviello/STM32Toolchain/gcc-arm-none-eabi-4_8-2014q3/bin/../lib/gcc/arm-none-eabi/4.8.4/armv7e-m/libgcc.a(_aeabi_uldivmod.o) (__aeabi_ldiv0)
/Users/cnoviello/STM32Toolchain/gcc-arm-none-eabi-4_8-2014q3/bin/../lib/gcc/arm-none-eabi/4.8.4/armv7e-m/libgcc.a(_divdi3.o)
                              /Users/cnoviello/STM32Toolchain/gcc-arm-none-eabi-4_8-2014q3/bin/../lib/gcc/arm-none-eabi/4.8.4/armv7e-m/libgcc.a(bpabi.o) (__divdi3)
/Users/cnoviello/STM32Toolchain/gcc-arm-none-eabi-4_8-2014q3/bin/../lib/gcc/arm-none-eabi/4.8.4/armv7e-m/libgcc.a(_udivdi3.o)
                              /Users/cnoviello/STM32Toolchain/gcc-arm-none-eabi-4_8-2014q3/bin/../lib/gcc/arm-none-eabi/4.8.4/armv7e-m/libgcc.a(bpabi.o) (__udivdi3)
/Users/cnoviello/STM32Toolchain/gcc-arm-none-eabi-4_8-2014q3/bin/../lib/gcc/arm-none-eabi/4.8.4/../../../../arm-none-eabi/lib/armv7e-m/libg_s.a(lib_a-ctype_.o)
                              ./system/src/newlib/_syscalls.o (__ctype_ptr__)
/Users/cnoviello/STM32Toolchain/gcc-arm-none-eabi-4_8-2014q3/bin/../lib/gcc/arm-none-eabi/4.8.4/../../../../arm-none-eabi/lib/armv7e-m/libg_s.a(lib_a-errno.o)
                              ./system/src/newlib/_sbrk.o (__errno)
/Users/cnoviello/STM32Toolchain/gcc-arm-none-eabi-4_8-2014q3/bin/../lib/gcc/arm-none-eabi/4.8.4/../../../../arm-none-eabi/lib/armv7e-m/libg_s.a(lib_a-findfp.o)
                              ./system/src/newlib/_syscalls.o (__sinit)
/Users/cnoviello/STM32Toolchain/gcc-arm-none-eabi-4_8-2014q3/bin/../lib/gcc/arm-none-eabi/4.8.4/../../../../arm-none-eabi/lib/armv7e-m/libg_s.a(lib_a-fwalk.o)
                              /Users/cnoviello/STM32Toolchain/gcc-arm-none-eabi-4_8-2014q3/bin/../lib/gcc/arm-none-eabi/4.8.4/../../../../arm-none-eabi/lib/armv7e-m/libg_s.a(lib_a-findfp.o) (_fwalk)
/Users/cnoviello/STM32Toolchain/gcc-arm-none-eabi-4_8-2014q3/bin/../lib/gcc/arm-none-eabi/4.8.4/../../../../arm-none-eabi/lib/armv7e-m/libg_s.a(lib_a-impure.o)
                              /Users/cnoviello/STM32Toolchain/gcc-arm-none-eabi-4_8-2014q3/bin/../lib/gcc/arm-none-eabi/4.8.4/../../../../arm-none-eabi/lib/armv7e-m/libg_s.a(lib_a-findfp.o) (_global_impure_ptr)
/Users/cnoviello/STM32Toolchain/gcc-arm-none-eabi-4_8-2014q3/bin/../lib/gcc/arm-none-eabi/4.8.4/../../../../arm-none-eabi/lib/armv7e-m/libg_s.a(lib_a-memcmp.o)
                              ./bluenrg-stack/Middlewares/ST/STM32_BlueNRG/SimpleBlueNRG_HCI/hci/controller/bluenrg_utils.o (memcmp)
/Users/cnoviello/STM32Toolchain/gcc-arm-none-eabi-4_8-2014q3/bin/../lib/gcc/arm-none-eabi/4.8.4/../../../../arm-none-eabi/lib/armv7e-m/libg_s.a(lib_a-memcpy-stub.o)
                              ./bluenrg-stack/Middlewares/ST/STM32_BlueNRG/SimpleBlueNRG_HCI/utils/osal.o (memcpy)
/Users/cnoviello/STM32Toolchain/gcc-arm-none-eabi-4_8-2014q3/bin/../lib/gcc/arm-none-eabi/4.8.4/../../../../arm-none-eabi/lib/armv7e-m/libg_s.a(lib_a-memset.o)
                              ./system/src/newlib/_syscalls.o (memset)
/Users/cnoviello/STM32Toolchain/gcc-arm-none-eabi-4_8-2014q3/bin/../lib/gcc/arm-none-eabi/4.8.4/../../../../arm-none-eabi/lib/armv7e-m/libg_s.a(lib_a-nano-mallocr.o)
                              /Users/cnoviello/STM32Toolchain/gcc-arm-none-eabi-4_8-2014q3/bin/../lib/gcc/arm-none-eabi/4.8.4/../../../../arm-none-eabi/lib/armv7e-m/libg_s.a(lib_a-findfp.o) (_malloc_r)
/Users/cnoviello/STM32Toolchain/gcc-arm-none-eabi-4_8-2014q3/bin/../lib/gcc/arm-none-eabi/4.8.4/../../../../arm-none-eabi/lib/armv7e-m/libg_s.a(lib_a-printf.o)
                              ./src/sensor_service.o (printf)
/Users/cnoviello/STM32Toolchain/gcc-arm-none-eabi-4_8-2014q3/bin/../lib/gcc/arm-none-eabi/4.8.4/../../../../arm-none-eabi/lib/armv7e-m/libg_s.a(lib_a-puts.o)
                              ./src/main.o (puts)
/Users/cnoviello/STM32Toolchain/gcc-arm-none-eabi-4_8-2014q3/bin/../lib/gcc/arm-none-eabi/4.8.4/../../../../arm-none-eabi/lib/armv7e-m/libg_s.a(lib_a-rand.o)
                              ./src/sensor_service.o (rand)
/Users/cnoviello/STM32Toolchain/gcc-arm-none-eabi-4_8-2014q3/bin/../lib/gcc/arm-none-eabi/4.8.4/../../../../arm-none-eabi/lib/armv7e-m/libg_s.a(lib_a-sbrkr.o)
[...]
Memory Configuration

Name             Origin             Length             Attributes
RAM              0x0000000020000000 0x0000000000010000 xrw
CCMRAM           0x0000000010000000 0x0000000000000000 xrw
FLASH            0x0000000008000000 0x0000000000100000 xr
FLASHB1          0x0000000000000000 0x0000000000000000 xr
EXTMEMB0         0x0000000000000000 0x0000000000000000 xr
EXTMEMB1         0x0000000000000000 0x0000000000000000 xr
EXTMEMB2         0x0000000000000000 0x0000000000000000 xr
EXTMEMB3         0x0000000000000000 0x0000000000000000 xr
*default*        0x0000000000000000 0xffffffffffffffff

Linker script and memory map

LOAD ./system/src/stm32f4-hal/stm32f4xx_hal.o
LOAD ./system/src/stm32f4-hal/stm32f4xx_hal_cortex.o
LOAD ./system/src/stm32f4-hal/stm32f4xx_hal_flash.o
LOAD ./system/src/stm32f4-hal/stm32f4xx_hal_flash_ex.o
LOAD ./system/src/stm32f4-hal/stm32f4xx_hal_flash_ramfunc.o
LOAD ./system/src/stm32f4-hal/stm32f4xx_hal_gpio.o
LOAD ./system/src/stm32f4-hal/stm32f4xx_hal_iwdg.o
LOAD ./system/src/stm32f4-hal/stm32f4xx_hal_pcd_ex.o
LOAD ./system/src/stm32f4-hal/stm32f4xx_hal_pwr.o
LOAD ./system/src/stm32f4-hal/stm32f4xx_hal_pwr_ex.o
LOAD ./system/src/stm32f4-hal/stm32f4xx_hal_rcc.o
LOAD ./system/src/stm32f4-hal/stm32f4xx_hal_rcc_ex.o
LOAD ./system/src/stm32f4-hal/stm32f4xx_hal_spi.o
LOAD ./system/src/newlib/_cxx.o
LOAD ./system/src/newlib/_exit.o
LOAD ./system/src/newlib/_sbrk.o
LOAD ./system/src/newlib/_startup.o
LOAD ./system/src/newlib/_syscalls.o
LOAD ./system/src/newlib/assert.o
LOAD ./system/src/diag/Trace.o
LOAD ./system/src/diag/trace_impl.o
LOAD ./system/src/cortexm/_initialize_hardware.o
LOAD ./system/src/cortexm/_reset_hardware.o
LOAD ./system/src/cortexm/exception_handlers.o
LOAD ./system/src/cmsis/system_stm32f4xx.o
LOAD ./system/src/cmsis/vectors_stm32f4xx.o
LOAD ./src/_initialize_hardware.o
LOAD ./src/_write.o
LOAD ./src/bluenrg_interface.o
LOAD ./src/clock.o
LOAD ./src/cube_hal_f4.o
LOAD ./src/main.o
LOAD ./src/sensor_service.o
LOAD ./src/stm32xx_it.o
LOAD ./bluenrg-stack/Middlewares/ST/STM32_BlueNRG/SimpleBlueNRG_HCI/utils/gp_timer.o
LOAD ./bluenrg-stack/Middlewares/ST/STM32_BlueNRG/SimpleBlueNRG_HCI/utils/list.o
LOAD ./bluenrg-stack/Middlewares/ST/STM32_BlueNRG/SimpleBlueNRG_HCI/utils/osal.o
LOAD ./bluenrg-stack/Middlewares/ST/STM32_BlueNRG/SimpleBlueNRG_HCI/hci/controller/bluenrg_IFR.o
LOAD ./bluenrg-stack/Middlewares/ST/STM32_BlueNRG/SimpleBlueNRG_HCI/hci/controller/bluenrg_gap_aci.o
LOAD ./bluenrg-stack/Middlewares/ST/STM32_BlueNRG/SimpleBlueNRG_HCI/hci/controller/bluenrg_gatt_aci.o
LOAD ./bluenrg-stack/Middlewares/ST/STM32_BlueNRG/SimpleBlueNRG_HCI/hci/controller/bluenrg_hal_aci.o
LOAD ./bluenrg-stack/Middlewares/ST/STM32_BlueNRG/SimpleBlueNRG_HCI/hci/controller/bluenrg_l2cap_aci.o
LOAD ./bluenrg-stack/Middlewares/ST/STM32_BlueNRG/SimpleBlueNRG_HCI/hci/controller/bluenrg_updater_aci.o
LOAD ./bluenrg-stack/Middlewares/ST/STM32_BlueNRG/SimpleBlueNRG_HCI/hci/controller/bluenrg_utils.o
LOAD ./bluenrg-stack/Middlewares/ST/STM32_BlueNRG/SimpleBlueNRG_HCI/hci/hci.o
LOAD ./bluenrg-stack/Middlewares/ST/STM32_BlueNRG/Interface/bluenrg_itf_template.o
LOAD ./bluenrg-stack/Middlewares/ST/LowPowerManager/Src/stm32xx_lpm.o
LOAD ./bluenrg-stack/BSP/X-NUCLEO-IDB04A1/stm32_bluenrg_ble.o
LOAD ./bluenrg-stack/BSP/STM32F4xx-Nucleo/stm32f4xx_nucleo.o
LOAD /Users/cnoviello/STM32Toolchain/gcc-arm-none-eabi-4_8-2014q3/bin/../lib/gcc/arm-none-eabi/4.8.4/../../../../arm-none-eabi/lib/armv7e-m/libstdc++_s.a
LOAD /Users/cnoviello/STM32Toolchain/gcc-arm-none-eabi-4_8-2014q3/bin/../lib/gcc/arm-none-eabi/4.8.4/../../../../arm-none-eabi/lib/armv7e-m/libm.a
START GROUP
LOAD /Users/cnoviello/STM32Toolchain/gcc-arm-none-eabi-4_8-2014q3/bin/../lib/gcc/arm-none-eabi/4.8.4/armv7e-m/libgcc.a
LOAD /Users/cnoviello/STM32Toolchain/gcc-arm-none-eabi-4_8-2014q3/bin/../lib/gcc/arm-none-eabi/4.8.4/../../../../arm-none-eabi/lib/armv7e-m/libg_s.a
LOAD /Users/cnoviello/STM32Toolchain/gcc-arm-none-eabi-4_8-2014q3/bin/../lib/gcc/arm-none-eabi/4.8.4/../../../../arm-none-eabi/lib/armv7e-m/libc_s.a
END GROUP
START GROUP
LOAD /Users/cnoviello/STM32Toolchain/gcc-arm-none-eabi-4_8-2014q3/bin/../lib/gcc/arm-none-eabi/4.8.4/armv7e-m/libgcc.a
LOAD /Users/cnoviello/STM32Toolchain/gcc-arm-none-eabi-4_8-2014q3/bin/../lib/gcc/arm-none-eabi/4.8.4/../../../../arm-none-eabi/lib/armv7e-m/libc_s.a
END GROUP
                0x0000000020010000                __stack = (ORIGIN (RAM) + 0x10000)
                0x0000000020010000                _estack = __stack
                0x0000000000000400                __Main_Stack_Size = 0x400
                0x0000000000000400                PROVIDE (_Main_Stack_Size, __Main_Stack_Size)
                0x000000002000fc00                __Main_Stack_Limit = (__stack - __Main_Stack_Size)
                0x000000002000fc00                PROVIDE (_Main_Stack_Limit, __Main_Stack_Limit)
                0x0000000000000100                _Minimum_Stack_Size = 0x100
                0x0000000020000584                PROVIDE (_Heap_Begin, _end_noinit)
                0x000000002000fc00                PROVIDE (_Heap_Limit, (__stack - __Main_Stack_Size))

.isr_vector     0x0000000008000000      0x2f4
 FILL mask 0xff
                0x0000000008000000                __vectors_start__ = ABSOLUTE (.)
 *(.isr_vector)
 .isr_vector    0x0000000008000000      0x194 ./system/src/cmsis/vectors_stm32f4xx.o
                0x0000000008000000                __isr_vectors
 *(.cfmconfig)
 *(.after_vectors .after_vectors.*)
 .after_vectors
                0x0000000008000194      0x130 ./system/src/newlib/_startup.o
                0x0000000008000194                _start
 .after_vectors
                0x00000000080002c4       0x2c ./system/src/cortexm/exception_handlers.o
                0x00000000080002c4                Reset_Handler
                0x00000000080002d4                MemManage_Handler
                0x00000000080002d8                BusFault_Handler
                0x00000000080002dc                UsageFault_Handler
 .after_vectors
                0x00000000080002f0        0x4 ./system/src/cmsis/vectors_stm32f4xx.o
                0x00000000080002f0                DMA1_Stream3_IRQHandler
                0x00000000080002f0                EXTI2_IRQHandler
                0x00000000080002f0                SPI4_IRQHandler
                0x00000000080002f0                TIM1_CC_IRQHandler
                0x00000000080002f0                DMA2_Stream5_IRQHandler
                0x00000000080002f0                DMA1_Stream5_IRQHandler
                0x00000000080002f0                PVD_IRQHandler
                0x00000000080002f0                SDIO_IRQHandler
                0x00000000080002f0                TAMP_STAMP_IRQHandler
                0x00000000080002f0                EXTI3_IRQHandler
                0x00000000080002f0                TIM1_UP_TIM10_IRQHandler
                0x00000000080002f0                I2C3_ER_IRQHandler
                0x00000000080002f0                I2C2_EV_IRQHandler
                0x00000000080002f0                DMA1_Stream2_IRQHandler
                0x00000000080002f0                FPU_IRQHandler
                0x00000000080002f0                DMA2_Stream2_IRQHandler
                0x00000000080002f0                SPI1_IRQHandler
                0x00000000080002f0                TIM1_BRK_TIM9_IRQHandler
                0x00000000080002f0                DMA2_Stream3_IRQHandler
                0x00000000080002f0                USART6_IRQHandler
                0x00000000080002f0                DMA2_Stream0_IRQHandler
                0x00000000080002f0                TIM4_IRQHandler
                0x00000000080002f0                I2C1_EV_IRQHandler
                0x00000000080002f0                DMA1_Stream6_IRQHandler
                0x00000000080002f0                DMA1_Stream1_IRQHandler
                0x00000000080002f0                TIM3_IRQHandler
                0x00000000080002f0                RCC_IRQHandler
                0x00000000080002f0                Default_Handler
                0x00000000080002f0                EXTI15_10_IRQHandler
                0x00000000080002f0                ADC_IRQHandler
                0x00000000080002f0                DMA1_Stream7_IRQHandler
                0x00000000080002f0                TIM5_IRQHandler
                0x00000000080002f0                DMA2_Stream7_IRQHandler
                0x00000000080002f0                I2C3_EV_IRQHandler
                0x00000000080002f0                EXTI9_5_IRQHandler
                0x00000000080002f0                RTC_WKUP_IRQHandler
                0x00000000080002f0                SPI2_IRQHandler
                0x00000000080002f0                DMA1_Stream0_IRQHandler
                0x00000000080002f0                EXTI4_IRQHandler
                0x00000000080002f0                WWDG_IRQHandler
                0x00000000080002f0                TIM2_IRQHandler
                0x00000000080002f0                OTG_FS_WKUP_IRQHandler
                0x00000000080002f0                TIM1_TRG_COM_TIM11_IRQHandler
                0x00000000080002f0                EXTI1_IRQHandler
                0x00000000080002f0                USART2_IRQHandler
                0x00000000080002f0                I2C2_ER_IRQHandler
                0x00000000080002f0                DMA2_Stream1_IRQHandler
                0x00000000080002f0                FLASH_IRQHandler
                0x00000000080002f0                DMA2_Stream4_IRQHandler
                0x00000000080002f0                USART1_IRQHandler
                0x00000000080002f0                OTG_FS_IRQHandler
                0x00000000080002f0                SPI3_IRQHandler
                0x00000000080002f0                DMA1_Stream4_IRQHandler
                0x00000000080002f0                I2C1_ER_IRQHandler
                0x00000000080002f0                DMA2_Stream6_IRQHandler
                0x00000000080002f0                RTC_Alarm_IRQHandler

.inits          0x00000000080002f4       0x28
                0x00000000080002f4                __data_regions_array_start = .
                0x00000000080002f4        0x4 LONG 0x80054ac LOADADDR (.data)
                0x00000000080002f8        0x4 LONG 0x20000000 ADDR (.data)
                0x00000000080002fc        0x4 LONG 0x2000007c (ADDR (.data) + SIZEOF (.data))
                0x0000000008000300        0x4 LONG 0x80054ac LOADADDR (.data_CCMRAM)
                0x0000000008000304        0x4 LONG 0x10000000 ADDR (.data_CCMRAM)
                0x0000000008000308        0x4 LONG 0x10000000 (ADDR (.data_CCMRAM) + SIZEOF (.data_CCMRAM))
                0x000000000800030c                __data_regions_array_end = .
                0x000000000800030c                __bss_regions_array_start = .
                0x000000000800030c        0x4 LONG 0x2000007c ADDR (.bss)
                0x0000000008000310        0x4 LONG 0x20000584 (ADDR (.bss) + SIZEOF (.bss))
                0x0000000008000314        0x4 LONG 0x10000000 ADDR (.bss_CCMRAM)
                0x0000000008000318        0x4 LONG 0x10000000 (ADDR (.bss_CCMRAM) + SIZEOF (.bss_CCMRAM))
                0x000000000800031c                __bss_regions_array_end = .
 *(.init)
 *(.fini)
                0x000000000800031c                . = ALIGN (0x4)
                0x000000000800031c                PROVIDE (__preinit_array_start, .)
 *(.preinit_array_sysinit .preinit_array_sysinit.*)
 *(.preinit_array_platform .preinit_array_platform.*)
 *(.preinit_array .preinit_array.*)
                0x000000000800031c                PROVIDE (__preinit_array_end, .)
                0x000000000800031c                . = ALIGN (0x4)
                0x000000000800031c                PROVIDE (__init_array_start, .)
 *(SORT(.init_array.*))
 *(.init_array)
                0x000000000800031c                PROVIDE (__init_array_end, .)
                0x000000000800031c                . = ALIGN (0x4)
                0x000000000800031c                PROVIDE (__fini_array_start, .)
 *(SORT(.fini_array.*))
 *(.fini_array)
                0x000000000800031c                PROVIDE (__fini_array_end, .)

.flashtext
 *(.flashtext .flashtext.*)

.text           0x000000000800031c     0x5187
 *(.text .text.*)
 .text.HAL_MspInit
                0x000000000800031c        0x4 ./system/src/stm32f4-hal/stm32f4xx_hal.o
                0x000000000800031c                HAL_MspInit
 .text.HAL_InitTick
                0x0000000008000320       0x28 ./system/src/stm32f4-hal/stm32f4xx_hal.o
                0x0000000008000320                HAL_InitTick
 .text.HAL_Init
                0x0000000008000348       0x34 ./system/src/stm32f4-hal/stm32f4xx_hal.o
                0x0000000008000348                HAL_Init
 .text.HAL_IncTick
                0x000000000800037c       0x10 ./system/src/stm32f4-hal/stm32f4xx_hal.o
                0x000000000800037c                HAL_IncTick
 .text.HAL_GetTick
                0x000000000800038c        0xc ./system/src/stm32f4-hal/stm32f4xx_hal.o
                0x000000000800038c                HAL_GetTick
 .text.HAL_Delay
                0x0000000008000398       0x1c ./system/src/stm32f4-hal/stm32f4xx_hal.o
                0x0000000008000398                HAL_Delay
 .text.HAL_SuspendTick
                0x00000000080003b4       0x10 ./system/src/stm32f4-hal/stm32f4xx_hal.o
                0x00000000080003b4                HAL_SuspendTick
 .text.HAL_NVIC_SetPriorityGrouping
                0x00000000080003c4       0x3c ./system/src/stm32f4-hal/stm32f4xx_hal_cortex.o
                0x00000000080003c4                HAL_NVIC_SetPriorityGrouping
 .text.HAL_NVIC_SetPriority
                0x0000000008000400       0x84 ./system/src/stm32f4-hal/stm32f4xx_hal_cortex.o
                0x0000000008000400                HAL_NVIC_SetPriority
 .text.HAL_NVIC_EnableIRQ
                0x0000000008000484       0x18 ./system/src/stm32f4-hal/stm32f4xx_hal_cortex.o
                0x0000000008000484                HAL_NVIC_EnableIRQ
 .text.HAL_NVIC_DisableIRQ
                0x000000000800049c       0x1c ./system/src/stm32f4-hal/stm32f4xx_hal_cortex.o
                0x000000000800049c                HAL_NVIC_DisableIRQ
 .text.HAL_SYSTICK_Config
                0x00000000080004b8       0x2c ./system/src/stm32f4-hal/stm32f4xx_hal_cortex.o
                0x00000000080004b8                HAL_SYSTICK_Config
 .text.HAL_GPIO_Init
                0x00000000080004e4      0x2b4 ./system/src/stm32f4-hal/stm32f4xx_hal_gpio.o
                0x00000000080004e4                HAL_GPIO_Init
 .text.HAL_GPIO_ReadPin
                0x0000000008000798       0x24 ./system/src/stm32f4-hal/stm32f4xx_hal_gpio.o
                0x0000000008000798                HAL_GPIO_ReadPin
 .text.HAL_GPIO_WritePin
                0x00000000080007bc       0x30 ./system/src/stm32f4-hal/stm32f4xx_hal_gpio.o
                0x00000000080007bc                HAL_GPIO_WritePin
 .text.HAL_GPIO_EXTI_IRQHandler
                0x00000000080007ec       0x18 ./system/src/stm32f4-hal/stm32f4xx_hal_gpio.o
                0x00000000080007ec                HAL_GPIO_EXTI_IRQHandler
 .text.HAL_RCC_OscConfig
                0x0000000008000804      0x4b0 ./system/src/stm32f4-hal/stm32f4xx_hal_rcc.o
                0x0000000008000804                HAL_RCC_OscConfig
 .text.HAL_RCC_ClockConfig
                0x0000000008000cb4      0x32c ./system/src/stm32f4-hal/stm32f4xx_hal_rcc.o
                0x0000000008000cb4                HAL_RCC_ClockConfig
 .text.HAL_RCC_GetSysClockFreq
                0x0000000008000fe0       0xb0 ./system/src/stm32f4-hal/stm32f4xx_hal_rcc.o
                0x0000000008000fe0                HAL_RCC_GetSysClockFreq
 .text.HAL_RCC_GetHCLKFreq
                0x0000000008001090       0x38 ./system/src/stm32f4-hal/stm32f4xx_hal_rcc.o
                0x0000000008001090                HAL_RCC_GetHCLKFreq
 .text.SPI_WaitOnFlagUntilTimeout
                0x00000000080010c8       0xe4 ./system/src/stm32f4-hal/stm32f4xx_hal_spi.o
 .text.HAL_SPI_Init
                0x00000000080011ac      0x168 ./system/src/stm32f4-hal/stm32f4xx_hal_spi.o
                0x00000000080011ac                HAL_SPI_Init
 .text.HAL_SPI_TransmitReceive
                0x0000000008001314      0x370 ./system/src/stm32f4-hal/stm32f4xx_hal_spi.o
                0x0000000008001314                HAL_SPI_TransmitReceive
 .text.abort    0x0000000008001684       0x14 ./system/src/newlib/_exit.o
                0x0000000008001684                abort
 .text._sbrk    0x0000000008001698       0x44 ./system/src/newlib/_sbrk.o
                0x0000000008001698                _sbrk
 .text.get_errno
                0x00000000080016dc       0x14 ./system/src/newlib/_syscalls.o
 .text.error    0x00000000080016f0       0x14 ./system/src/newlib/_syscalls.o
 .text.checkerror
                0x0000000008001704       0x10 ./system/src/newlib/_syscalls.o
 .text.findslot
                0x0000000008001714       0x3c ./system/src/newlib/_syscalls.o
 .text._exit    0x0000000008001750       0x20 ./system/src/newlib/_syscalls.o
                0x0000000008001750                _exit
 .text.initialise_monitor_handles
                0x0000000008001770       0xa8 ./system/src/newlib/_syscalls.o
                0x0000000008001770                initialise_monitor_handles
 .text.__initialize_args
                0x0000000008001818       0xd8 ./system/src/newlib/_syscalls.o
                0x0000000008001818                __initialize_args
 .text._swiread
                0x00000000080018f0       0x20 ./system/src/newlib/_syscalls.o
                0x00000000080018f0                _swiread
 .text._read    0x0000000008001910       0x38 ./system/src/newlib/_syscalls.o
                0x0000000008001910                _read
 .text._swilseek
                0x0000000008001948       0xbc ./system/src/newlib/_syscalls.o
                0x0000000008001948                _swilseek
 .text._lseek   0x0000000008001a04        0x8 ./system/src/newlib/_syscalls.o
                0x0000000008001a04                _lseek
 .text._swiwrite
                0x0000000008001a0c       0x20 ./system/src/newlib/_syscalls.o
                0x0000000008001a0c                _swiwrite
 .text._write   0x0000000008001a2c       0x44 ./system/src/newlib/_syscalls.o
                0x0000000008001a2c                _write
 .text._swiclose
                0x0000000008001a70       0x20 ./system/src/newlib/_syscalls.o
                0x0000000008001a70                _swiclose
 .text._close   0x0000000008001a90       0x4c ./system/src/newlib/_syscalls.o
                0x0000000008001a90                _close
 .text._swistat
                0x0000000008001adc       0x4c ./system/src/newlib/_syscalls.o
                0x0000000008001adc                _swistat
 .text._fstat   0x0000000008001b28       0x1c ./system/src/newlib/_syscalls.o
                0x0000000008001b28                _fstat
 .text._isatty  0x0000000008001b44       0x38 ./system/src/newlib/_syscalls.o
                0x0000000008001b44                _isatty
 .text.assert_failed
                0x0000000008001b7c       0x18 ./system/src/newlib/assert.o
                0x0000000008001b7c                assert_failed
 .text.trace_printf
                0x0000000008001b94       0x34 ./system/src/diag/Trace.o
                0x0000000008001b94                trace_printf
 .text.trace_puts
                0x0000000008001bc8       0x20 ./system/src/diag/Trace.o
                0x0000000008001bc8                trace_puts
 .text._trace_write_semihosting_stdout
                0x0000000008001be8       0x84 ./system/src/diag/trace_impl.o
 .text.trace_write
                0x0000000008001c6c        0x8 ./system/src/diag/trace_impl.o
                0x0000000008001c6c                trace_write
 .text.__initialize_hardware_early
                0x0000000008001c74        0x8 ./system/src/cortexm/_initialize_hardware.o
                0x0000000008001c74                __initialize_hardware_early
 .text.SystemInit
                0x0000000008001c7c       0x40 ./system/src/cmsis/system_stm32f4xx.o
                0x0000000008001c7c                SystemInit
 .text.__initialize_hardware
                0x0000000008001cbc       0x10 ./src/_initialize_hardware.o
                0x0000000008001cbc                __initialize_hardware
 .text.HAL_GPIO_EXTI_Callback
                0x0000000008001ccc        0x8 ./src/bluenrg_interface.o
                0x0000000008001ccc                HAL_GPIO_EXTI_Callback
 .text.Clock_Time
                0x0000000008001cd4        0x8 ./src/clock.o
                0x0000000008001cd4                Clock_Time
 .text.SystemClock_Config
                0x0000000008001cdc       0x40 ./src/cube_hal_f4.o
                0x0000000008001cdc                SystemClock_Config
 .text.User_Process
                0x0000000008001d1c       0x54 ./src/main.o
                0x0000000008001d1c                User_Process
 .text.main     0x0000000008001d70      0x124 ./src/main.o
                0x0000000008001d70                main
 .text.Add_Acc_Service
                0x0000000008001e94      0x1b0 ./src/sensor_service.o
                0x0000000008001e94                Add_Acc_Service
 .text.Acc_Update
                0x0000000008002044       0x64 ./src/sensor_service.o
                0x0000000008002044                Acc_Update
 .text.Add_Environmental_Sensor_Service
                0x00000000080020a8      0x344 ./src/sensor_service.o
                0x00000000080020a8                Add_Environmental_Sensor_Service
 .text.Temp_Update
                0x00000000080023ec       0x3c ./src/sensor_service.o
                0x00000000080023ec                Temp_Update
 .text.Press_Update
                0x0000000008002428       0x3c ./src/sensor_service.o
                0x0000000008002428                Press_Update
 .text.Humidity_Update
                0x0000000008002464       0x3c ./src/sensor_service.o
                0x0000000008002464                Humidity_Update
 .text.setConnectable
                0x00000000080024a0       0x54 ./src/sensor_service.o
                0x00000000080024a0                setConnectable
 .text.GAP_ConnectionComplete_CB
                0x00000000080024f4       0x44 ./src/sensor_service.o
                0x00000000080024f4                GAP_ConnectionComplete_CB
 .text.GAP_DisconnectionComplete_CB
                0x0000000008002538       0x2c ./src/sensor_service.o
                0x0000000008002538                GAP_DisconnectionComplete_CB
 .text.Read_Request_CB
                0x0000000008002564      0x130 ./src/sensor_service.o
                0x0000000008002564                Read_Request_CB
 .text.HCI_Event_CB
                0x0000000008002694       0x48 ./src/sensor_service.o
                0x0000000008002694                HCI_Event_CB
 .text.NMI_Handler
                0x00000000080026dc        0x4 ./src/stm32xx_it.o
                0x00000000080026dc                NMI_Handler
 .text.HardFault_Handler
                0x00000000080026e0        0x4 ./src/stm32xx_it.o
                0x00000000080026e0                HardFault_Handler
 .text.SVC_Handler
                0x00000000080026e4        0x4 ./src/stm32xx_it.o
                0x00000000080026e4                SVC_Handler
 .text.DebugMon_Handler
                0x00000000080026e8        0x4 ./src/stm32xx_it.o
                0x00000000080026e8                DebugMon_Handler
 .text.PendSV_Handler
                0x00000000080026ec        0x4 ./src/stm32xx_it.o
                0x00000000080026ec                PendSV_Handler
 .text.SysTick_Handler
                0x00000000080026f0        0x8 ./src/stm32xx_it.o
                0x00000000080026f0                SysTick_Handler
 .text.EXTI0_IRQHandler
                0x00000000080026f8        0xc ./src/stm32xx_it.o
                0x00000000080026f8                EXTI0_IRQHandler
 .text.Timer_Set
                0x0000000008002704       0x10 ./bluenrg-stack/Middlewares/ST/STM32_BlueNRG/SimpleBlueNRG_HCI/utils/gp_timer.o
                0x0000000008002704                Timer_Set
 .text.Timer_Expired
                0x0000000008002714       0x1c ./bluenrg-stack/Middlewares/ST/STM32_BlueNRG/SimpleBlueNRG_HCI/utils/gp_timer.o
                0x0000000008002714                Timer_Expired
 .text.list_init_head
                0x0000000008002730        0x8 ./bluenrg-stack/Middlewares/ST/STM32_BlueNRG/SimpleBlueNRG_HCI/utils/list.o
                0x0000000008002730                list_init_head
 .text.list_is_empty
                0x0000000008002738        0xc ./bluenrg-stack/Middlewares/ST/STM32_BlueNRG/SimpleBlueNRG_HCI/utils/list.o
                0x0000000008002738                list_is_empty
 .text.list_insert_head
                0x0000000008002744       0x10 ./bluenrg-stack/Middlewares/ST/STM32_BlueNRG/SimpleBlueNRG_HCI/utils/list.o
                0x0000000008002744                list_insert_head
 .text.list_insert_tail
                0x0000000008002754       0x10 ./bluenrg-stack/Middlewares/ST/STM32_BlueNRG/SimpleBlueNRG_HCI/utils/list.o
                0x0000000008002754                list_insert_tail
 .text.list_remove_node
                0x0000000008002764       0x10 ./bluenrg-stack/Middlewares/ST/STM32_BlueNRG/SimpleBlueNRG_HCI/utils/list.o
                0x0000000008002764                list_remove_node
 .text.list_remove_head
                0x0000000008002774       0x1c ./bluenrg-stack/Middlewares/ST/STM32_BlueNRG/SimpleBlueNRG_HCI/utils/list.o
                0x0000000008002774                list_remove_head
 .text.Osal_MemCpy
                0x0000000008002790        0x8 ./bluenrg-stack/Middlewares/ST/STM32_BlueNRG/SimpleBlueNRG_HCI/utils/osal.o
                0x0000000008002790                Osal_MemCpy
 .text.Osal_MemSet
                0x0000000008002798        0x8 ./bluenrg-stack/Middlewares/ST/STM32_BlueNRG/SimpleBlueNRG_HCI/utils/osal.o
                0x0000000008002798                Osal_MemSet
 .text.aci_gap_init
                0x00000000080027a0       0x68 ./bluenrg-stack/Middlewares/ST/STM32_BlueNRG/SimpleBlueNRG_HCI/hci/controller/bluenrg_gap_aci.o
                0x00000000080027a0                aci_gap_init
 .text.aci_gap_set_discoverable
                0x0000000008002808       0xd0 ./bluenrg-stack/Middlewares/ST/STM32_BlueNRG/SimpleBlueNRG_HCI/hci/controller/bluenrg_gap_aci.o
                0x0000000008002808                aci_gap_set_discoverable
 .text.aci_gap_set_auth_requirement
                0x00000000080028d8       0x7c ./bluenrg-stack/Middlewares/ST/STM32_BlueNRG/SimpleBlueNRG_HCI/hci/controller/bluenrg_gap_aci.o
                0x00000000080028d8                aci_gap_set_auth_requirement
 .text.aci_gatt_init
                0x0000000008002954       0x40 ./bluenrg-stack/Middlewares/ST/STM32_BlueNRG/SimpleBlueNRG_HCI/hci/controller/bluenrg_gatt_aci.o
                0x0000000008002954                aci_gatt_init
 .text.aci_gatt_add_serv
                0x0000000008002994       0x8c ./bluenrg-stack/Middlewares/ST/STM32_BlueNRG/SimpleBlueNRG_HCI/hci/controller/bluenrg_gatt_aci.o
                0x0000000008002994                aci_gatt_add_serv
 .text.aci_gatt_add_char
                0x0000000008002a20       0xe4 ./bluenrg-stack/Middlewares/ST/STM32_BlueNRG/SimpleBlueNRG_HCI/hci/controller/bluenrg_gatt_aci.o
                0x0000000008002a20                aci_gatt_add_char
 .text.aci_gatt_add_char_desc
                0x0000000008002b04      0x120 ./bluenrg-stack/Middlewares/ST/STM32_BlueNRG/SimpleBlueNRG_HCI/hci/controller/bluenrg_gatt_aci.o
                0x0000000008002b04                aci_gatt_add_char_desc
 .text.aci_gatt_update_char_value
                0x0000000008002c24       0x88 ./bluenrg-stack/Middlewares/ST/STM32_BlueNRG/SimpleBlueNRG_HCI/hci/controller/bluenrg_gatt_aci.o
                0x0000000008002c24                aci_gatt_update_char_value
 .text.aci_gatt_allow_read
                0x0000000008002cac       0x4c ./bluenrg-stack/Middlewares/ST/STM32_BlueNRG/SimpleBlueNRG_HCI/hci/controller/bluenrg_gatt_aci.o
                0x0000000008002cac                aci_gatt_allow_read
 .text.aci_hal_write_config_data
                0x0000000008002cf8       0x64 ./bluenrg-stack/Middlewares/ST/STM32_BlueNRG/SimpleBlueNRG_HCI/hci/controller/bluenrg_hal_aci.o
                0x0000000008002cf8                aci_hal_write_config_data
 .text.aci_hal_set_tx_power_level
                0x0000000008002d5c       0x4c ./bluenrg-stack/Middlewares/ST/STM32_BlueNRG/SimpleBlueNRG_HCI/hci/controller/bluenrg_hal_aci.o
                0x0000000008002d5c                aci_hal_set_tx_power_level
 .text.hci_set_packet_complete_callback
                0x0000000008002da8        0xc ./bluenrg-stack/Middlewares/ST/STM32_BlueNRG/SimpleBlueNRG_HCI/hci/hci.o
 .text.enqueue_packet
                0x0000000008002db4       0x2c ./bluenrg-stack/Middlewares/ST/STM32_BlueNRG/SimpleBlueNRG_HCI/hci/hci.o
 .text.new_hci_event
                0x0000000008002de0       0x14 ./bluenrg-stack/Middlewares/ST/STM32_BlueNRG/SimpleBlueNRG_HCI/hci/hci.o
                0x0000000008002de0                new_hci_event
 .text.HCI_Init
                0x0000000008002df4       0x38 ./bluenrg-stack/Middlewares/ST/STM32_BlueNRG/SimpleBlueNRG_HCI/hci/hci.o
                0x0000000008002df4                HCI_Init
 .text.HCI_Input
                0x0000000008002e2c       0xe0 ./bluenrg-stack/Middlewares/ST/STM32_BlueNRG/SimpleBlueNRG_HCI/hci/hci.o
                0x0000000008002e2c                HCI_Input
 .text.HCI_Process
                0x0000000008002f0c       0x88 ./bluenrg-stack/Middlewares/ST/STM32_BlueNRG/SimpleBlueNRG_HCI/hci/hci.o
                0x0000000008002f0c                HCI_Process
 .text.HCI_Isr  0x0000000008002f94       0x6c ./bluenrg-stack/Middlewares/ST/STM32_BlueNRG/SimpleBlueNRG_HCI/hci/hci.o
                0x0000000008002f94                HCI_Isr
 .text.hci_write
                0x0000000008003000        0x8 ./bluenrg-stack/Middlewares/ST/STM32_BlueNRG/SimpleBlueNRG_HCI/hci/hci.o
                0x0000000008003000                hci_write
 .text.hci_send_cmd
                0x0000000008003008       0x40 ./bluenrg-stack/Middlewares/ST/STM32_BlueNRG/SimpleBlueNRG_HCI/hci/hci.o
                0x0000000008003008                hci_send_cmd
 .text.hci_send_req
                0x0000000008003048      0x144 ./bluenrg-stack/Middlewares/ST/STM32_BlueNRG/SimpleBlueNRG_HCI/hci/hci.o
                0x0000000008003048                hci_send_req
 .text.hci_le_set_scan_resp_data
                0x000000000800318c       0x74 ./bluenrg-stack/Middlewares/ST/STM32_BlueNRG/SimpleBlueNRG_HCI/hci/hci.o
                0x000000000800318c                hci_le_set_scan_resp_data
 .text.HAL_SPI_MspInit
                0x0000000008003200      0x11c ./bluenrg-stack/BSP/X-NUCLEO-IDB04A1/stm32_bluenrg_ble.o
                0x0000000008003200                HAL_SPI_MspInit
 .text.BNRG_SPI_Init
                0x000000000800331c       0x3c ./bluenrg-stack/BSP/X-NUCLEO-IDB04A1/stm32_bluenrg_ble.o
                0x000000000800331c                BNRG_SPI_Init
 .text.BlueNRG_RST
                0x0000000008003358       0x30 ./bluenrg-stack/BSP/X-NUCLEO-IDB04A1/stm32_bluenrg_ble.o
                0x0000000008003358                BlueNRG_RST
 .text.BlueNRG_DataPresent
                0x0000000008003388       0x18 ./bluenrg-stack/BSP/X-NUCLEO-IDB04A1/stm32_bluenrg_ble.o
                0x0000000008003388                BlueNRG_DataPresent
 .text.BlueNRG_SPI_Read_All
                0x00000000080033a0       0xb4 ./bluenrg-stack/BSP/X-NUCLEO-IDB04A1/stm32_bluenrg_ble.o
                0x00000000080033a0                BlueNRG_SPI_Read_All
 .text.Enable_SPI_IRQ
                0x0000000008003454        0xc ./bluenrg-stack/BSP/X-NUCLEO-IDB04A1/stm32_bluenrg_ble.o
                0x0000000008003454                Enable_SPI_IRQ
 .text.Disable_SPI_IRQ
                0x0000000008003460        0xc ./bluenrg-stack/BSP/X-NUCLEO-IDB04A1/stm32_bluenrg_ble.o
                0x0000000008003460                Disable_SPI_IRQ
 .text.BlueNRG_SPI_Write
                0x000000000800346c       0xc0 ./bluenrg-stack/BSP/X-NUCLEO-IDB04A1/stm32_bluenrg_ble.o
                0x000000000800346c                BlueNRG_SPI_Write
 .text.Hal_Write_Serial
                0x000000000800352c       0x50 ./bluenrg-stack/BSP/X-NUCLEO-IDB04A1/stm32_bluenrg_ble.o
                0x000000000800352c                Hal_Write_Serial
 .text.Clear_SPI_EXTI_Flag
                0x000000000800357c        0xc ./bluenrg-stack/BSP/X-NUCLEO-IDB04A1/stm32_bluenrg_ble.o
                0x000000000800357c                Clear_SPI_EXTI_Flag
 .text.BSP_PB_Init
                0x0000000008003588       0x70 ./bluenrg-stack/BSP/STM32F4xx-Nucleo/stm32f4xx_nucleo.o
                0x0000000008003588                BSP_PB_Init
 .text.BSP_PB_GetState
                0x00000000080035f8       0x18 ./bluenrg-stack/BSP/STM32F4xx-Nucleo/stm32f4xx_nucleo.o
                0x00000000080035f8                BSP_PB_GetState
 .text          0x0000000008003610       0x2c /Users/cnoviello/STM32Toolchain/gcc-arm-none-eabi-4_8-2014q3/bin/../lib/gcc/arm-none-eabi/4.8.4/armv7e-m/libgcc.a(_aeabi_uldivmod.o)
                0x0000000008003610                __aeabi_uldivmod
 .text          0x000000000800363c       0x60 /Users/cnoviello/STM32Toolchain/gcc-arm-none-eabi-4_8-2014q3/bin/../lib/gcc/arm-none-eabi/4.8.4/armv7e-m/libgcc.a(bpabi.o)
                0x000000000800363c                __gnu_ldivmod_helper
                0x000000000800366c                __gnu_uldivmod_helper
 .text          0x000000000800369c        0x4 /Users/cnoviello/STM32Toolchain/gcc-arm-none-eabi-4_8-2014q3/bin/../lib/gcc/arm-none-eabi/4.8.4/armv7e-m/libgcc.a(_dvmd_tls.o)
                0x000000000800369c                __aeabi_ldiv0
                0x000000000800369c                __aeabi_idiv0
 .text          0x00000000080036a0      0x298 /Users/cnoviello/STM32Toolchain/gcc-arm-none-eabi-4_8-2014q3/bin/../lib/gcc/arm-none-eabi/4.8.4/armv7e-m/libgcc.a(_divdi3.o)
                0x00000000080036a0                __divdi3
 .text          0x0000000008003938      0x284 /Users/cnoviello/STM32Toolchain/gcc-arm-none-eabi-4_8-2014q3/bin/../lib/gcc/arm-none-eabi/4.8.4/armv7e-m/libgcc.a(_udivdi3.o)
                0x0000000008003938                __udivdi3
 .text.__errno  0x0000000008003bbc        0xc /Users/cnoviello/STM32Toolchain/gcc-arm-none-eabi-4_8-2014q3/bin/../lib/gcc/arm-none-eabi/4.8.4/../../../../arm-none-eabi/lib/armv7e-m/libg_s.a(lib_a-errno.o)
                0x0000000008003bbc                __errno
 .text._cleanup_r
                0x0000000008003bc8       0x32 /Users/cnoviello/STM32Toolchain/gcc-arm-none-eabi-4_8-2014q3/bin/../lib/gcc/arm-none-eabi/4.8.4/../../../../arm-none-eabi/lib/armv7e-m/libg_s.a(lib_a-findfp.o)
                0x0000000008003bc8                _cleanup_r
 *fill*         0x0000000008003bfa        0x2 
 .text.std.isra.0
                0x0000000008003bfc       0x48 /Users/cnoviello/STM32Toolchain/gcc-arm-none-eabi-4_8-2014q3/bin/../lib/gcc/arm-none-eabi/4.8.4/../../../../arm-none-eabi/lib/armv7e-m/libg_s.a(lib_a-findfp.o)
 .text.__sfmoreglue
                0x0000000008003c44       0x2c /Users/cnoviello/STM32Toolchain/gcc-arm-none-eabi-4_8-2014q3/bin/../lib/gcc/arm-none-eabi/4.8.4/../../../../arm-none-eabi/lib/armv7e-m/libg_s.a(lib_a-findfp.o)
                0x0000000008003c44                __sfmoreglue
 .text.__sinit  0x0000000008003c70       0x60 /Users/cnoviello/STM32Toolchain/gcc-arm-none-eabi-4_8-2014q3/bin/../lib/gcc/arm-none-eabi/4.8.4/../../../../arm-none-eabi/lib/armv7e-m/libg_s.a(lib_a-findfp.o)
                0x0000000008003c70                __sinit
 .text.__sfp    0x0000000008003cd0       0x74 /Users/cnoviello/STM32Toolchain/gcc-arm-none-eabi-4_8-2014q3/bin/../lib/gcc/arm-none-eabi/4.8.4/../../../../arm-none-eabi/lib/armv7e-m/libg_s.a(lib_a-findfp.o)
                0x0000000008003cd0                __sfp
 .text.memcpy   0x0000000008003d44       0x12 /Users/cnoviello/STM32Toolchain/gcc-arm-none-eabi-4_8-2014q3/bin/../lib/gcc/arm-none-eabi/4.8.4/../../../../arm-none-eabi/lib/armv7e-m/libg_s.a(lib_a-memcpy-stub.o)
                0x0000000008003d44                memcpy
 .text.memset   0x0000000008003d56       0x10 /Users/cnoviello/STM32Toolchain/gcc-arm-none-eabi-4_8-2014q3/bin/../lib/gcc/arm-none-eabi/4.8.4/../../../../arm-none-eabi/lib/armv7e-m/libg_s.a(lib_a-memset.o)
                0x0000000008003d56                memset
 *fill*         0x0000000008003d66        0x2 
 .text._malloc_r
                0x0000000008003d68       0xa8 /Users/cnoviello/STM32Toolchain/gcc-arm-none-eabi-4_8-2014q3/bin/../lib/gcc/arm-none-eabi/4.8.4/../../../../arm-none-eabi/lib/armv7e-m/libg_s.a(lib_a-nano-mallocr.o)
                0x0000000008003d68                _malloc_r
 .text.printf   0x0000000008003e10       0x30 /Users/cnoviello/STM32Toolchain/gcc-arm-none-eabi-4_8-2014q3/bin/../lib/gcc/arm-none-eabi/4.8.4/../../../../arm-none-eabi/lib/armv7e-m/libg_s.a(lib_a-printf.o)
                0x0000000008003e10                printf
                0x0000000008003e10                iprintf
 .text._puts_r  0x0000000008003e40       0xc0 /Users/cnoviello/STM32Toolchain/gcc-arm-none-eabi-4_8-2014q3/bin/../lib/gcc/arm-none-eabi/4.8.4/../../../../arm-none-eabi/lib/armv7e-m/libg_s.a(lib_a-puts.o)
                0x0000000008003e40                _puts_r
 .text.puts     0x0000000008003f00       0x10 /Users/cnoviello/STM32Toolchain/gcc-arm-none-eabi-4_8-2014q3/bin/../lib/gcc/arm-none-eabi/4.8.4/../../../../arm-none-eabi/lib/armv7e-m/libg_s.a(lib_a-puts.o)
                0x0000000008003f00                puts
 .text.rand     0x0000000008003f10       0x74 /Users/cnoviello/STM32Toolchain/gcc-arm-none-eabi-4_8-2014q3/bin/../lib/gcc/arm-none-eabi/4.8.4/../../../../arm-none-eabi/lib/armv7e-m/libg_s.a(lib_a-rand.o)
                0x0000000008003f10                rand
 .text._sbrk_r  0x0000000008003f84       0x20 /Users/cnoviello/STM32Toolchain/gcc-arm-none-eabi-4_8-2014q3/bin/../lib/gcc/arm-none-eabi/4.8.4/../../../../arm-none-eabi/lib/armv7e-m/libg_s.a(lib_a-sbrkr.o)
                0x0000000008003f84                _sbrk_r
 .text.__sread  0x0000000008003fa4       0x22 /Users/cnoviello/STM32Toolchain/gcc-arm-none-eabi-4_8-2014q3/bin/../lib/gcc/arm-none-eabi/4.8.4/../../../../arm-none-eabi/lib/armv7e-m/libg_s.a(lib_a-stdio.o)
                0x0000000008003fa4                __sread
 .text.__swrite
                0x0000000008003fc6       0x38 /Users/cnoviello/STM32Toolchain/gcc-arm-none-eabi-4_8-2014q3/bin/../lib/gcc/arm-none-eabi/4.8.4/../../../../arm-none-eabi/lib/armv7e-m/libg_s.a(lib_a-stdio.o)
                0x0000000008003fc6                __swrite
 .text.__sseek  0x0000000008003ffe       0x24 /Users/cnoviello/STM32Toolchain/gcc-arm-none-eabi-4_8-2014q3/bin/../lib/gcc/arm-none-eabi/4.8.4/../../../../arm-none-eabi/lib/armv7e-m/libg_s.a(lib_a-stdio.o)
                0x0000000008003ffe                __sseek
 .text.__sclose
                0x0000000008004022        0x8 /Users/cnoviello/STM32Toolchain/gcc-arm-none-eabi-4_8-2014q3/bin/../lib/gcc/arm-none-eabi/4.8.4/../../../../arm-none-eabi/lib/armv7e-m/libg_s.a(lib_a-stdio.o)
                0x0000000008004022                __sclose
 .text.strlen   0x000000000800402a       0x10 /Users/cnoviello/STM32Toolchain/gcc-arm-none-eabi-4_8-2014q3/bin/../lib/gcc/arm-none-eabi/4.8.4/../../../../arm-none-eabi/lib/armv7e-m/libg_s.a(lib_a-strlen.o)
                0x000000000800402a                strlen
 .text.__sfputc_r
                0x000000000800403a       0x2c /Users/cnoviello/STM32Toolchain/gcc-arm-none-eabi-4_8-2014q3/bin/../lib/gcc/arm-none-eabi/4.8.4/../../../../arm-none-eabi/lib/armv7e-m/libg_s.a(lib_a-vfprintf.o)
 .text.__sfputs_r
                0x0000000008004066       0x24 /Users/cnoviello/STM32Toolchain/gcc-arm-none-eabi-4_8-2014q3/bin/../lib/gcc/arm-none-eabi/4.8.4/../../../../arm-none-eabi/lib/armv7e-m/libg_s.a(lib_a-vfprintf.o)
                0x0000000008004066                __sfputs_r
 *fill*         0x000000000800408a        0x2 
 .text._vfprintf_r
                0x000000000800408c      0x208 /Users/cnoviello/STM32Toolchain/gcc-arm-none-eabi-4_8-2014q3/bin/../lib/gcc/arm-none-eabi/4.8.4/../../../../arm-none-eabi/lib/armv7e-m/libg_s.a(lib_a-vfprintf.o)
                0x000000000800408c                _vfiprintf_r
                0x000000000800408c                _vfprintf_r
 .text._printf_common
                0x0000000008004294       0xe4 /Users/cnoviello/STM32Toolchain/gcc-arm-none-eabi-4_8-2014q3/bin/../lib/gcc/arm-none-eabi/4.8.4/../../../../arm-none-eabi/lib/armv7e-m/libg_s.a(lib_a-vfprintf_i.o)
                0x0000000008004294                _printf_common
 .text._printf_i
                0x0000000008004378      0x228 /Users/cnoviello/STM32Toolchain/gcc-arm-none-eabi-4_8-2014q3/bin/../lib/gcc/arm-none-eabi/4.8.4/../../../../arm-none-eabi/lib/armv7e-m/libg_s.a(lib_a-vfprintf_i.o)
                0x0000000008004378                _printf_i
 .text._vsnprintf_r
                0x00000000080045a0       0x52 /Users/cnoviello/STM32Toolchain/gcc-arm-none-eabi-4_8-2014q3/bin/../lib/gcc/arm-none-eabi/4.8.4/../../../../arm-none-eabi/lib/armv7e-m/libg_s.a(lib_a-vsnprintf.o)
                0x00000000080045a0                _vsnprintf_r
                0x00000000080045a0                _vsniprintf_r
 *fill*         0x00000000080045f2        0x2 
 .text.vsnprintf
                0x00000000080045f4       0x20 /Users/cnoviello/STM32Toolchain/gcc-arm-none-eabi-4_8-2014q3/bin/../lib/gcc/arm-none-eabi/4.8.4/../../../../arm-none-eabi/lib/armv7e-m/libg_s.a(lib_a-vsnprintf.o)
                0x00000000080045f4                vsnprintf
                0x00000000080045f4                vsniprintf
 .text.__swbuf_r
                0x0000000008004614       0xa8 /Users/cnoviello/STM32Toolchain/gcc-arm-none-eabi-4_8-2014q3/bin/../lib/gcc/arm-none-eabi/4.8.4/../../../../arm-none-eabi/lib/armv7e-m/libg_s.a(lib_a-wbuf.o)
                0x0000000008004614                __swbuf_r
 .text._write_r
                0x00000000080046bc       0x24 /Users/cnoviello/STM32Toolchain/gcc-arm-none-eabi-4_8-2014q3/bin/../lib/gcc/arm-none-eabi/4.8.4/../../../../arm-none-eabi/lib/armv7e-m/libg_s.a(lib_a-writer.o)
                0x00000000080046bc                _write_r
 .text.__swsetup_r
                0x00000000080046e0       0xdc /Users/cnoviello/STM32Toolchain/gcc-arm-none-eabi-4_8-2014q3/bin/../lib/gcc/arm-none-eabi/4.8.4/../../../../arm-none-eabi/lib/armv7e-m/libg_s.a(lib_a-wsetup.o)
                0x00000000080046e0                __swsetup_r
 .text._close_r
                0x00000000080047bc       0x20 /Users/cnoviello/STM32Toolchain/gcc-arm-none-eabi-4_8-2014q3/bin/../lib/gcc/arm-none-eabi/4.8.4/../../../../arm-none-eabi/lib/armv7e-m/libg_s.a(lib_a-closer.o)
                0x00000000080047bc                _close_r
 .text.__sflush_r
                0x00000000080047dc      0x106 /Users/cnoviello/STM32Toolchain/gcc-arm-none-eabi-4_8-2014q3/bin/../lib/gcc/arm-none-eabi/4.8.4/../../../../arm-none-eabi/lib/armv7e-m/libg_s.a(lib_a-fflush.o)
                0x00000000080047dc                __sflush_r
 *fill*         0x00000000080048e2        0x2 
 .text._fflush_r
                0x00000000080048e4       0x54 /Users/cnoviello/STM32Toolchain/gcc-arm-none-eabi-4_8-2014q3/bin/../lib/gcc/arm-none-eabi/4.8.4/../../../../arm-none-eabi/lib/armv7e-m/libg_s.a(lib_a-fflush.o)
                0x00000000080048e4                _fflush_r
 .text._lseek_r
                0x0000000008004938       0x24 /Users/cnoviello/STM32Toolchain/gcc-arm-none-eabi-4_8-2014q3/bin/../lib/gcc/arm-none-eabi/4.8.4/../../../../arm-none-eabi/lib/armv7e-m/libg_s.a(lib_a-lseekr.o)
                0x0000000008004938                _lseek_r
 .text.__smakebuf_r
                0x000000000800495c       0x9c /Users/cnoviello/STM32Toolchain/gcc-arm-none-eabi-4_8-2014q3/bin/../lib/gcc/arm-none-eabi/4.8.4/../../../../arm-none-eabi/lib/armv7e-m/libg_s.a(lib_a-makebuf.o)
                0x000000000800495c                __smakebuf_r
 .text.malloc   0x00000000080049f8       0x10 /Users/cnoviello/STM32Toolchain/gcc-arm-none-eabi-4_8-2014q3/bin/../lib/gcc/arm-none-eabi/4.8.4/../../../../arm-none-eabi/lib/armv7e-m/libg_s.a(lib_a-malloc.o)
                0x00000000080049f8                malloc
 .text.memchr   0x0000000008004a08       0x1e /Users/cnoviello/STM32Toolchain/gcc-arm-none-eabi-4_8-2014q3/bin/../lib/gcc/arm-none-eabi/4.8.4/../../../../arm-none-eabi/lib/armv7e-m/libg_s.a(lib_a-memchr-stub.o)
                0x0000000008004a08                memchr
 .text.memmove  0x0000000008004a26       0x36 /Users/cnoviello/STM32Toolchain/gcc-arm-none-eabi-4_8-2014q3/bin/../lib/gcc/arm-none-eabi/4.8.4/../../../../arm-none-eabi/lib/armv7e-m/libg_s.a(lib_a-memmove.o)
                0x0000000008004a26                memmove
 .text._free_r  0x0000000008004a5c       0x88 /Users/cnoviello/STM32Toolchain/gcc-arm-none-eabi-4_8-2014q3/bin/../lib/gcc/arm-none-eabi/4.8.4/../../../../arm-none-eabi/lib/armv7e-m/libg_s.a(lib_a-nano-freer.o)
                0x0000000008004a5c                _free_r
 .text._realloc_r
                0x0000000008004ae4       0x4c /Users/cnoviello/STM32Toolchain/gcc-arm-none-eabi-4_8-2014q3/bin/../lib/gcc/arm-none-eabi/4.8.4/../../../../arm-none-eabi/lib/armv7e-m/libg_s.a(lib_a-nano-reallocr.o)
                0x0000000008004ae4                _realloc_r
 .text._read_r  0x0000000008004b30       0x24 /Users/cnoviello/STM32Toolchain/gcc-arm-none-eabi-4_8-2014q3/bin/../lib/gcc/arm-none-eabi/4.8.4/../../../../arm-none-eabi/lib/armv7e-m/libg_s.a(lib_a-readr.o)
                0x0000000008004b30                _read_r
 .text.__ssputs_r
                0x0000000008004b54       0xb8 /Users/cnoviello/STM32Toolchain/gcc-arm-none-eabi-4_8-2014q3/bin/../lib/gcc/arm-none-eabi/4.8.4/../../../../arm-none-eabi/lib/armv7e-m/libg_s.a(lib_a-svfprintf.o)
                0x0000000008004b54                __ssputs_r
 .text._svfprintf_r
                0x0000000008004c0c      0x1dc /Users/cnoviello/STM32Toolchain/gcc-arm-none-eabi-4_8-2014q3/bin/../lib/gcc/arm-none-eabi/4.8.4/../../../../arm-none-eabi/lib/armv7e-m/libg_s.a(lib_a-svfprintf.o)
                0x0000000008004c0c                _svfprintf_r
                0x0000000008004c0c                _svfiprintf_r
 .text._fstat_r
                0x0000000008004de8       0x24 /Users/cnoviello/STM32Toolchain/gcc-arm-none-eabi-4_8-2014q3/bin/../lib/gcc/arm-none-eabi/4.8.4/../../../../arm-none-eabi/lib/armv7e-m/libg_s.a(lib_a-fstatr.o)
                0x0000000008004de8                _fstat_r
 .text._isatty_r
                0x0000000008004e0c       0x20 /Users/cnoviello/STM32Toolchain/gcc-arm-none-eabi-4_8-2014q3/bin/../lib/gcc/arm-none-eabi/4.8.4/../../../../arm-none-eabi/lib/armv7e-m/libg_s.a(lib_a-isattyr.o)
                0x0000000008004e0c                _isatty_r
 .text._malloc_usable_size_r
                0x0000000008004e2c       0x12 /Users/cnoviello/STM32Toolchain/gcc-arm-none-eabi-4_8-2014q3/bin/../lib/gcc/arm-none-eabi/4.8.4/../../../../arm-none-eabi/lib/armv7e-m/libg_s.a(lib_a-nano-msizer.o)
                0x0000000008004e2c                _malloc_usable_size_r
 *(.rodata .rodata.* .constdata .constdata.*)
 *fill*         0x0000000008004e3e        0x2 
 .rodata.str1.4
                0x0000000008004e40       0x31 ./system/src/stm32f4-hal/stm32f4xx_hal_cortex.o
                                         0x34 (size before relaxing)
 *fill*         0x0000000008004e71        0x3 
 .rodata.str1.4
                0x0000000008004e74       0x2f ./system/src/stm32f4-hal/stm32f4xx_hal_gpio.o
                                         0x30 (size before relaxing)
 *fill*         0x0000000008004ea3        0x1 
 .rodata.APBAHBPrescTable
                0x0000000008004ea4       0x10 ./system/src/stm32f4-hal/stm32f4xx_hal_rcc.o
                0x0000000008004ea4                APBAHBPrescTable
 .rodata.str1.4
                0x0000000008004eb4       0x2e ./system/src/stm32f4-hal/stm32f4xx_hal_rcc.o
                                         0x30 (size before relaxing)
 *fill*         0x0000000008004ee2        0x2 
 .rodata.str1.4
                0x0000000008004ee4       0x2e ./system/src/stm32f4-hal/stm32f4xx_hal_spi.o
                                         0x30 (size before relaxing)
 *fill*         0x0000000008004f12        0x2 
 .rodata.str1.4
                0x0000000008004f14       0x14 ./system/src/newlib/_exit.o
 .rodata.str1.4
                0x0000000008004f28        0x9 ./system/src/newlib/_syscalls.o
                                          0xc (size before relaxing)
 *fill*         0x0000000008004f31        0x3 
 .rodata.str1.4
                0x0000000008004f34       0x6b ./system/src/newlib/assert.o
                                         0x70 (size before relaxing)
 *fill*         0x0000000008004f9f        0x1 
 .rodata.str1.4
                0x0000000008004fa0       0x29 ./system/src/diag/Trace.o
                                         0x30 (size before relaxing)
 .rodata.str1.4
                0x0000000000000000        0x4 ./system/src/diag/trace_impl.o
 *fill*         0x0000000008004fc9        0x3 
 .rodata.CLOCK_SECOND
                0x0000000008004fcc        0x4 ./src/clock.o
                0x0000000008004fcc                CLOCK_SECOND
 .rodata        0x0000000008004fd0        0x8 ./src/main.o
 .rodata.str1.4
                0x0000000008004fd8      0x149 ./src/main.o
                                        0x14c (size before relaxing)
 *fill*         0x0000000008005121        0x3 
 .rodata        0x0000000008005124        0x8 ./src/sensor_service.o
 .rodata.str1.4
                0x000000000800512c      0x1d8 ./src/sensor_service.o
 .rodata._ctype_
                0x0000000008005304      0x101 /Users/cnoviello/STM32Toolchain/gcc-arm-none-eabi-4_8-2014q3/bin/../lib/gcc/arm-none-eabi/4.8.4/../../../../arm-none-eabi/lib/armv7e-m/libg_s.a(lib_a-ctype_.o)
                0x0000000008005304                _ctype_
 *fill*         0x0000000008005405        0x3 
 .rodata.__sf_fake_stdin
                0x0000000008005408       0x20 /Users/cnoviello/STM32Toolchain/gcc-arm-none-eabi-4_8-2014q3/bin/../lib/gcc/arm-none-eabi/4.8.4/../../../../arm-none-eabi/lib/armv7e-m/libg_s.a(lib_a-findfp.o)
                0x0000000008005408                __sf_fake_stdin
 .rodata.__sf_fake_stdout
                0x0000000008005428       0x20 /Users/cnoviello/STM32Toolchain/gcc-arm-none-eabi-4_8-2014q3/bin/../lib/gcc/arm-none-eabi/4.8.4/../../../../arm-none-eabi/lib/armv7e-m/libg_s.a(lib_a-findfp.o)
                0x0000000008005428                __sf_fake_stdout
 .rodata.__sf_fake_stderr
                0x0000000008005448       0x20 /Users/cnoviello/STM32Toolchain/gcc-arm-none-eabi-4_8-2014q3/bin/../lib/gcc/arm-none-eabi/4.8.4/../../../../arm-none-eabi/lib/armv7e-m/libg_s.a(lib_a-findfp.o)
                0x0000000008005448                __sf_fake_stderr
 .rodata.str1.1
                0x0000000008005468        0x2 /Users/cnoviello/STM32Toolchain/gcc-arm-none-eabi-4_8-2014q3/bin/../lib/gcc/arm-none-eabi/4.8.4/../../../../arm-none-eabi/lib/armv7e-m/libg_s.a(lib_a-impure.o)
 *fill*         0x000000000800546a        0x2 
 .rodata._global_impure_ptr
                0x000000000800546c        0x4 /Users/cnoviello/STM32Toolchain/gcc-arm-none-eabi-4_8-2014q3/bin/../lib/gcc/arm-none-eabi/4.8.4/../../../../arm-none-eabi/lib/armv7e-m/libg_s.a(lib_a-impure.o)
                0x000000000800546c                _global_impure_ptr
 .rodata.str1.1
                0x0000000008005470       0x11 /Users/cnoviello/STM32Toolchain/gcc-arm-none-eabi-4_8-2014q3/bin/../lib/gcc/arm-none-eabi/4.8.4/../../../../arm-none-eabi/lib/armv7e-m/libg_s.a(lib_a-vfprintf.o)
 .rodata.str1.1
                0x0000000008005481       0x22 /Users/cnoviello/STM32Toolchain/gcc-arm-none-eabi-4_8-2014q3/bin/../lib/gcc/arm-none-eabi/4.8.4/../../../../arm-none-eabi/lib/armv7e-m/libg_s.a(lib_a-vfprintf_i.o)
 .rodata.str1.1
                0x0000000000000000       0x11 /Users/cnoviello/STM32Toolchain/gcc-arm-none-eabi-4_8-2014q3/bin/../lib/gcc/arm-none-eabi/4.8.4/../../../../arm-none-eabi/lib/armv7e-m/libg_s.a(lib_a-svfprintf.o)
 *(vtable)
 *(.eh_frame*)
 *(.glue_7)
 .glue_7        0x0000000000000000        0x0 linker stubs
 *(.glue_7t)
 .glue_7t       0x0000000000000000        0x0 linker stubs

.vfp11_veneer   0x00000000080054a4        0x0
 .vfp11_veneer  0x0000000000000000        0x0 linker stubs

.v4_bx          0x00000000080054a4        0x0
 .v4_bx         0x0000000000000000        0x0 linker stubs

.iplt           0x00000000080054a4        0x0
 .iplt          0x0000000000000000        0x0 ./system/src/stm32f4-hal/stm32f4xx_hal.o

.ARM.extab
 *(.ARM.extab* .gnu.linkonce.armextab.*)
                0x00000000080054a4                . = ALIGN (0x4)
                0x00000000080054a4                __exidx_start = .

.ARM.exidx      0x00000000080054a4        0x8
 *(.ARM.exidx* .gnu.linkonce.armexidx.*)
 .ARM.exidx     0x00000000080054a4        0x8 /Users/cnoviello/STM32Toolchain/gcc-arm-none-eabi-4_8-2014q3/bin/../lib/gcc/arm-none-eabi/4.8.4/armv7e-m/libgcc.a(_divdi3.o)
 .ARM.exidx     0x00000000080054ac        0x0 /Users/cnoviello/STM32Toolchain/gcc-arm-none-eabi-4_8-2014q3/bin/../lib/gcc/arm-none-eabi/4.8.4/armv7e-m/libgcc.a(_udivdi3.o)
                                          0x8 (size before relaxing)
                0x00000000080054ac                __exidx_end = .

.rel.dyn        0x00000000080054ac        0x0
 .rel.iplt      0x0000000000000000        0x0 ./system/src/stm32f4-hal/stm32f4xx_hal.o
                0x00000000080054ac                . = ALIGN (0x4)
                0x00000000080054ac                _etext = .
                0x00000000080054ac                __etext = .

.data_CCMRAM    0x0000000010000000        0x0 load address 0x00000000080054ac
 FILL mask 0xff
 *(.data.CCMRAM .data.CCMRAM.*)
                0x0000000010000000                . = ALIGN (0x4)
                0x00000000080054ac                _sidata = LOADADDR (.data)

.data           0x0000000020000000       0x7c load address 0x00000000080054ac
 FILL mask 0xff
                0x0000000020000000                _sdata = .
                0x0000000020000000                __data_start__ = .
 *(.data_begin .data_begin.*)
 .data_begin    0x0000000020000000        0x4 ./system/src/newlib/_startup.o
 *(.data .data.*)
 .data.SystemCoreClock
                0x0000000020000004        0x4 ./system/src/cmsis/system_stm32f4xx.o
                0x0000000020000004                SystemCoreClock
 .data.set_connectable
                0x0000000020000008        0x1 ./src/sensor_service.o
                0x0000000020000008                set_connectable
 *fill*         0x0000000020000009        0x3 
 .data.BUTTON_PORT
                0x000000002000000c        0x4 ./bluenrg-stack/BSP/STM32F4xx-Nucleo/stm32f4xx_nucleo.o
                0x000000002000000c                BUTTON_PORT
 .data.__ctype_ptr__
                0x0000000020000010        0x4 /Users/cnoviello/STM32Toolchain/gcc-arm-none-eabi-4_8-2014q3/bin/../lib/gcc/arm-none-eabi/4.8.4/../../../../arm-none-eabi/lib/armv7e-m/libg_s.a(lib_a-ctype_.o)
                0x0000000020000010                __ctype_ptr__
 .data.impure_data
                0x0000000020000014       0x60 /Users/cnoviello/STM32Toolchain/gcc-arm-none-eabi-4_8-2014q3/bin/../lib/gcc/arm-none-eabi/4.8.4/../../../../arm-none-eabi/lib/armv7e-m/libg_s.a(lib_a-impure.o)
 .data._impure_ptr
                0x0000000020000074        0x4 /Users/cnoviello/STM32Toolchain/gcc-arm-none-eabi-4_8-2014q3/bin/../lib/gcc/arm-none-eabi/4.8.4/../../../../arm-none-eabi/lib/armv7e-m/libg_s.a(lib_a-impure.o)
                0x0000000020000074                _impure_ptr
 *(.data_end .data_end.*)
 .data_end      0x0000000020000078        0x4 ./system/src/newlib/_startup.o
                0x000000002000007c                . = ALIGN (0x4)
                0x000000002000007c                _edata = .
                0x000000002000007c                __data_end__ = .

.igot.plt       0x000000002000007c        0x0 load address 0x0000000008005528
 .igot.plt      0x0000000000000000        0x0 ./system/src/stm32f4-hal/stm32f4xx_hal.o

.bss_CCMRAM     0x0000000010000000        0x0
 *(.bss.CCMRAM .bss.CCMRAM.*)

.bss            0x000000002000007c      0x508
                0x000000002000007c                __bss_start__ = .
                0x000000002000007c                _sbss = .
 *(.bss_begin .bss_begin.*)
 .bss_begin     0x000000002000007c        0x4 ./system/src/newlib/_startup.o
 *(.bss .bss.*)
 .bss.uwTick    0x0000000020000080        0x4 ./system/src/stm32f4-hal/stm32f4xx_hal.o
 .bss.current_heap_end.4289
                0x0000000020000084        0x4 ./system/src/newlib/_sbrk.o
 .bss.monitor_stdout
                0x0000000020000088        0x4 ./system/src/newlib/_syscalls.o
 .bss.argv_buf.5809
                0x000000002000008c       0x28 ./system/src/newlib/_syscalls.o
 .bss.args_buf.5808
                0x00000000200000b4       0x50 ./system/src/newlib/_syscalls.o
 .bss.monitor_stdin
                0x0000000020000104        0x4 ./system/src/newlib/_syscalls.o
 .bss.monitor_stderr
                0x0000000020000108        0x4 ./system/src/newlib/_syscalls.o
 .bss.openfiles
                0x000000002000010c       0xa0 ./system/src/newlib/_syscalls.o
 .bss.buf.5352  0x00000000200001ac       0x80 ./system/src/diag/Trace.o
 .bss.handle.8469
                0x000000002000022c        0x4 ./system/src/diag/trace_impl.o
 .bss.notification_enabled
                0x0000000020000230        0x1 ./src/sensor_service.o
                0x0000000020000230                notification_enabled
 *fill*         0x0000000020000231        0x1 
 .bss.connection_handle
                0x0000000020000232        0x2 ./src/sensor_service.o
                0x0000000020000232                connection_handle
 .bss.axes_data
                0x0000000020000234        0xc ./src/sensor_service.o
                0x0000000020000234                axes_data
 .bss.connected
                0x0000000020000240        0x4 ./src/sensor_service.o
                0x0000000020000240                connected
 .bss.hciReadPacketBuffer
                0x0000000020000244      0x2a8 ./bluenrg-stack/Middlewares/ST/STM32_BlueNRG/SimpleBlueNRG_HCI/hci/hci.o
 .bss.hci_buffer
                0x00000000200004ec        0x4 ./bluenrg-stack/Middlewares/ST/STM32_BlueNRG/SimpleBlueNRG_HCI/hci/hci.o
 .bss.packet_complete_callback
                0x00000000200004f0        0x4 ./bluenrg-stack/Middlewares/ST/STM32_BlueNRG/SimpleBlueNRG_HCI/hci/hci.o
 .bss.state.8741
                0x00000000200004f4        0x1 ./bluenrg-stack/Middlewares/ST/STM32_BlueNRG/SimpleBlueNRG_HCI/hci/hci.o
 .bss.new_packet
                0x00000000200004f5        0x1 ./bluenrg-stack/Middlewares/ST/STM32_BlueNRG/SimpleBlueNRG_HCI/hci/hci.o
 .bss.hci_pckt_len
                0x00000000200004f6        0x2 ./bluenrg-stack/Middlewares/ST/STM32_BlueNRG/SimpleBlueNRG_HCI/hci/hci.o
 .bss.readPacketListFull
                0x00000000200004f8        0x1 ./bluenrg-stack/Middlewares/ST/STM32_BlueNRG/SimpleBlueNRG_HCI/hci/hci.o
                0x00000000200004f8                readPacketListFull
 *fill*         0x00000000200004f9        0x3 
 .bss.__malloc_sbrk_start
                0x00000000200004fc        0x4 /Users/cnoviello/STM32Toolchain/gcc-arm-none-eabi-4_8-2014q3/bin/../lib/gcc/arm-none-eabi/4.8.4/../../../../arm-none-eabi/lib/armv7e-m/libg_s.a(lib_a-nano-mallocr.o)
                0x00000000200004fc                __malloc_sbrk_start
 .bss.__malloc_free_list
                0x0000000020000500        0x4 /Users/cnoviello/STM32Toolchain/gcc-arm-none-eabi-4_8-2014q3/bin/../lib/gcc/arm-none-eabi/4.8.4/../../../../arm-none-eabi/lib/armv7e-m/libg_s.a(lib_a-nano-mallocr.o)
                0x0000000020000500                __malloc_free_list
 *(COMMON)
 COMMON         0x0000000020000504        0x4 ./system/src/newlib/_syscalls.o
                0x0000000020000504                errno
 COMMON         0x0000000020000508       0x14 ./src/sensor_service.o
                0x0000000020000508                freeFallCharHandle
                0x000000002000050a                envSensServHandle
                0x000000002000050c                humidityCharHandle
                0x000000002000050e                pressCharHandle
                0x0000000020000510                tempCharHandle
                0x0000000020000512                accServHandle
                0x0000000020000514                accCharHandle
                0x0000000020000516                TXCharHandle
                0x0000000020000518                sampleServHandle
                0x000000002000051a                RXCharHandle
 COMMON         0x000000002000051c       0x10 ./bluenrg-stack/Middlewares/ST/STM32_BlueNRG/SimpleBlueNRG_HCI/hci/hci.o
                0x000000002000051c                hciReadPktPool
                0x0000000020000524                hciReadPktRxQueue
 COMMON         0x000000002000052c       0x54 ./bluenrg-stack/BSP/X-NUCLEO-IDB04A1/stm32_bluenrg_ble.o
                0x000000002000052c                SpiHandle
 *(.bss_end .bss_end.*)
 .bss_end       0x0000000020000580        0x4 ./system/src/newlib/_startup.o
                0x0000000020000584                . = ALIGN (0x4)
                0x0000000020000584                __bss_end__ = .
                0x0000000020000584                _ebss = .

.noinit_CCMRAM
 *(.noinit.CCMRAM .noinit.CCMRAM.*)

.noinit         0x0000000020000584        0x0
                0x0000000020000584                _noinit = .
 *(.noinit .noinit.*)
                0x0000000020000584                . = ALIGN (0x4)
                0x0000000020000584                _end_noinit = .
                0x0000000020000584                PROVIDE (end, _end_noinit)
                0x0000000020000584                PROVIDE (_end, _end_noinit)
                0x0000000020000584                PROVIDE (__end, _end_noinit)
                0x0000000020000584                PROVIDE (__end__, _end_noinit)

._check_stack   0x0000000020000584      0x100
                0x0000000020000684                . = (. + _Minimum_Stack_Size)
 *fill*         0x0000000020000584      0x100 

.b1text
 *(.b1text)
 *(.b1rodata)
 *(.b1rodata.*)

.eb0text
 *(.eb0text)
 *(.eb0rodata)
 *(.eb0rodata.*)

.eb1text
 *(.eb1text)
 *(.eb1rodata)
 *(.eb1rodata.*)

.eb2text
 *(.eb2text)
 *(.eb2rodata)
 *(.eb2rodata.*)

.eb3text
 *(.eb3text)
 *(.eb3rodata)
 *(.eb3rodata.*)

.stab
 *(.stab)

.stabstr
 *(.stabstr)

.stab.excl
 *(.stab.excl)

.stab.exclstr
 *(.stab.exclstr)

.stab.index
 *(.stab.index)

.stab.indexstr
 *(.stab.indexstr)

.comment        0x0000000000000000       0x70
 *(.comment)
 .comment       0x0000000000000000       0x70 ./system/src/stm32f4-hal/stm32f4xx_hal.o
                                         0x71 (size before relaxing)
 .comment       0x0000000000000000       0x71 ./system/src/stm32f4-hal/stm32f4xx_hal_cortex.o
 .comment       0x0000000000000000       0x71 ./system/src/stm32f4-hal/stm32f4xx_hal_gpio.o
 .comment       0x0000000000000000       0x71 ./system/src/stm32f4-hal/stm32f4xx_hal_rcc.o
 .comment       0x0000000000000000       0x71 ./system/src/stm32f4-hal/stm32f4xx_hal_spi.o
 .comment       0x0000000000000000       0x71 ./system/src/newlib/_exit.o
 .comment       0x0000000000000000       0x71 ./system/src/newlib/_sbrk.o
 .comment       0x0000000000000000       0x71 ./system/src/newlib/_startup.o
 .comment       0x0000000000000000       0x71 ./system/src/newlib/_syscalls.o
 .comment       0x0000000000000000       0x71 ./system/src/newlib/assert.o
 .comment       0x0000000000000000       0x71 ./system/src/diag/Trace.o
 .comment       0x0000000000000000       0x71 ./system/src/diag/trace_impl.o
 .comment       0x0000000000000000       0x71 ./system/src/cortexm/_initialize_hardware.o
 .comment       0x0000000000000000       0x71 ./system/src/cortexm/exception_handlers.o
 .comment       0x0000000000000000       0x71 ./system/src/cmsis/system_stm32f4xx.o
 .comment       0x0000000000000000       0x71 ./system/src/cmsis/vectors_stm32f4xx.o
 .comment       0x0000000000000000       0x71 ./src/_initialize_hardware.o
 .comment       0x0000000000000000       0x71 ./src/bluenrg_interface.o
 .comment       0x0000000000000000       0x71 ./src/clock.o
 .comment       0x0000000000000000       0x71 ./src/cube_hal_f4.o
 .comment       0x0000000000000000       0x71 ./src/main.o
 .comment       0x0000000000000000       0x71 ./src/sensor_service.o
 .comment       0x0000000000000000       0x71 ./src/stm32xx_it.o
 .comment       0x0000000000000000       0x71 ./bluenrg-stack/Middlewares/ST/STM32_BlueNRG/SimpleBlueNRG_HCI/utils/gp_timer.o
 .comment       0x0000000000000000       0x71 ./bluenrg-stack/Middlewares/ST/STM32_BlueNRG/SimpleBlueNRG_HCI/utils/list.o
 .comment       0x0000000000000000       0x71 ./bluenrg-stack/Middlewares/ST/STM32_BlueNRG/SimpleBlueNRG_HCI/utils/osal.o
 .comment       0x0000000000000000       0x71 ./bluenrg-stack/Middlewares/ST/STM32_BlueNRG/SimpleBlueNRG_HCI/hci/controller/bluenrg_gap_aci.o
 .comment       0x0000000000000000       0x71 ./bluenrg-stack/Middlewares/ST/STM32_BlueNRG/SimpleBlueNRG_HCI/hci/controller/bluenrg_gatt_aci.o
 .comment       0x0000000000000000       0x71 ./bluenrg-stack/Middlewares/ST/STM32_BlueNRG/SimpleBlueNRG_HCI/hci/controller/bluenrg_hal_aci.o
 .comment       0x0000000000000000       0x71 ./bluenrg-stack/Middlewares/ST/STM32_BlueNRG/SimpleBlueNRG_HCI/hci/hci.o
 .comment       0x0000000000000000       0x71 ./bluenrg-stack/BSP/X-NUCLEO-IDB04A1/stm32_bluenrg_ble.o
 .comment       0x0000000000000000       0x71 ./bluenrg-stack/BSP/STM32F4xx-Nucleo/stm32f4xx_nucleo.o

.ARM.attributes
                0x0000000000000000       0x33
 .ARM.attributes
                0x0000000000000000       0x33 ./system/src/stm32f4-hal/stm32f4xx_hal.o
 .ARM.attributes
                0x0000000000000033       0x33 ./system/src/stm32f4-hal/stm32f4xx_hal_cortex.o
 .ARM.attributes
                0x0000000000000066       0x33 ./system/src/stm32f4-hal/stm32f4xx_hal_gpio.o
 .ARM.attributes
                0x0000000000000099       0x33 ./system/src/stm32f4-hal/stm32f4xx_hal_rcc.o
 .ARM.attributes
                0x00000000000000cc       0x33 ./system/src/stm32f4-hal/stm32f4xx_hal_spi.o
 .ARM.attributes
                0x00000000000000ff       0x33 ./system/src/newlib/_exit.o
 .ARM.attributes
                0x0000000000000132       0x33 ./system/src/newlib/_sbrk.o
 .ARM.attributes
                0x0000000000000165       0x33 ./system/src/newlib/_startup.o
 .ARM.attributes
                0x0000000000000198       0x33 ./system/src/newlib/_syscalls.o
 .ARM.attributes
                0x00000000000001cb       0x33 ./system/src/newlib/assert.o
 .ARM.attributes
                0x00000000000001fe       0x33 ./system/src/diag/Trace.o
 .ARM.attributes
                0x0000000000000231       0x33 ./system/src/diag/trace_impl.o
 .ARM.attributes
                0x0000000000000264       0x33 ./system/src/cortexm/_initialize_hardware.o
 .ARM.attributes
                0x0000000000000297       0x33 ./system/src/cortexm/exception_handlers.o
 .ARM.attributes
                0x00000000000002ca       0x33 ./system/src/cmsis/system_stm32f4xx.o
 .ARM.attributes
                0x00000000000002fd       0x33 ./system/src/cmsis/vectors_stm32f4xx.o
 .ARM.attributes
                0x0000000000000330       0x33 ./src/_initialize_hardware.o
 .ARM.attributes
                0x0000000000000363       0x33 ./src/bluenrg_interface.o
 .ARM.attributes
                0x0000000000000396       0x33 ./src/clock.o
 .ARM.attributes
                0x00000000000003c9       0x33 ./src/cube_hal_f4.o
 .ARM.attributes
                0x00000000000003fc       0x33 ./src/main.o
 .ARM.attributes
                0x000000000000042f       0x33 ./src/sensor_service.o
 .ARM.attributes
                0x0000000000000462       0x33 ./src/stm32xx_it.o
 .ARM.attributes
                0x0000000000000495       0x33 ./bluenrg-stack/Middlewares/ST/STM32_BlueNRG/SimpleBlueNRG_HCI/utils/gp_timer.o
 .ARM.attributes
                0x00000000000004c8       0x33 ./bluenrg-stack/Middlewares/ST/STM32_BlueNRG/SimpleBlueNRG_HCI/utils/list.o
 .ARM.attributes
                0x00000000000004fb       0x33 ./bluenrg-stack/Middlewares/ST/STM32_BlueNRG/SimpleBlueNRG_HCI/utils/osal.o
 .ARM.attributes
                0x000000000000052e       0x33 ./bluenrg-stack/Middlewares/ST/STM32_BlueNRG/SimpleBlueNRG_HCI/hci/controller/bluenrg_gap_aci.o
 .ARM.attributes
                0x0000000000000561       0x33 ./bluenrg-stack/Middlewares/ST/STM32_BlueNRG/SimpleBlueNRG_HCI/hci/controller/bluenrg_gatt_aci.o
 .ARM.attributes
                0x0000000000000594       0x33 ./bluenrg-stack/Middlewares/ST/STM32_BlueNRG/SimpleBlueNRG_HCI/hci/controller/bluenrg_hal_aci.o
 .ARM.attributes
                0x00000000000005c7       0x33 ./bluenrg-stack/Middlewares/ST/STM32_BlueNRG/SimpleBlueNRG_HCI/hci/hci.o
 .ARM.attributes
                0x00000000000005fa       0x33 ./bluenrg-stack/BSP/X-NUCLEO-IDB04A1/stm32_bluenrg_ble.o
 .ARM.attributes
                0x000000000000062d       0x33 ./bluenrg-stack/BSP/STM32F4xx-Nucleo/stm32f4xx_nucleo.o
 .ARM.attributes
                0x0000000000000660       0x1e /Users/cnoviello/STM32Toolchain/gcc-arm-none-eabi-4_8-2014q3/bin/../lib/gcc/arm-none-eabi/4.8.4/armv7e-m/libgcc.a(_aeabi_uldivmod.o)
 .ARM.attributes
                0x000000000000067e       0x2e /Users/cnoviello/STM32Toolchain/gcc-arm-none-eabi-4_8-2014q3/bin/../lib/gcc/arm-none-eabi/4.8.4/armv7e-m/libgcc.a(bpabi.o)
 .ARM.attributes
                0x00000000000006ac       0x1e /Users/cnoviello/STM32Toolchain/gcc-arm-none-eabi-4_8-2014q3/bin/../lib/gcc/arm-none-eabi/4.8.4/armv7e-m/libgcc.a(_dvmd_tls.o)
 .ARM.attributes
                0x00000000000006ca       0x2e /Users/cnoviello/STM32Toolchain/gcc-arm-none-eabi-4_8-2014q3/bin/../lib/gcc/arm-none-eabi/4.8.4/armv7e-m/libgcc.a(_divdi3.o)
 .ARM.attributes
                0x00000000000006f8       0x2e /Users/cnoviello/STM32Toolchain/gcc-arm-none-eabi-4_8-2014q3/bin/../lib/gcc/arm-none-eabi/4.8.4/armv7e-m/libgcc.a(_udivdi3.o)
 .ARM.attributes
                0x0000000000000726       0x2e /Users/cnoviello/STM32Toolchain/gcc-arm-none-eabi-4_8-2014q3/bin/../lib/gcc/arm-none-eabi/4.8.4/../../../../arm-none-eabi/lib/armv7e-m/libg_s.a(lib_a-ctype_.o)
 .ARM.attributes
                0x0000000000000754       0x2e /Users/cnoviello/STM32Toolchain/gcc-arm-none-eabi-4_8-2014q3/bin/../lib/gcc/arm-none-eabi/4.8.4/../../../../arm-none-eabi/lib/armv7e-m/libg_s.a(lib_a-errno.o)
 .ARM.attributes
                0x0000000000000782       0x2e /Users/cnoviello/STM32Toolchain/gcc-arm-none-eabi-4_8-2014q3/bin/../lib/gcc/arm-none-eabi/4.8.4/../../../../arm-none-eabi/lib/armv7e-m/libg_s.a(lib_a-findfp.o)
 .ARM.attributes
                0x00000000000007b0       0x2e /Users/cnoviello/STM32Toolchain/gcc-arm-none-eabi-4_8-2014q3/bin/../lib/gcc/arm-none-eabi/4.8.4/../../../../arm-none-eabi/lib/armv7e-m/libg_s.a(lib_a-impure.o)
 .ARM.attributes
                0x00000000000007de       0x2e /Users/cnoviello/STM32Toolchain/gcc-arm-none-eabi-4_8-2014q3/bin/../lib/gcc/arm-none-eabi/4.8.4/../../../../arm-none-eabi/lib/armv7e-m/libg_s.a(lib_a-memcpy-stub.o)
 .ARM.attributes
                0x000000000000080c       0x2e /Users/cnoviello/STM32Toolchain/gcc-arm-none-eabi-4_8-2014q3/bin/../lib/gcc/arm-none-eabi/4.8.4/../../../../arm-none-eabi/lib/armv7e-m/libg_s.a(lib_a-memset.o)
 .ARM.attributes
                0x000000000000083a       0x2e /Users/cnoviello/STM32Toolchain/gcc-arm-none-eabi-4_8-2014q3/bin/../lib/gcc/arm-none-eabi/4.8.4/../../../../arm-none-eabi/lib/armv7e-m/libg_s.a(lib_a-nano-mallocr.o)
 .ARM.attributes
                0x0000000000000868       0x2e /Users/cnoviello/STM32Toolchain/gcc-arm-none-eabi-4_8-2014q3/bin/../lib/gcc/arm-none-eabi/4.8.4/../../../../arm-none-eabi/lib/armv7e-m/libg_s.a(lib_a-printf.o)
 .ARM.attributes
                0x0000000000000896       0x2e /Users/cnoviello/STM32Toolchain/gcc-arm-none-eabi-4_8-2014q3/bin/../lib/gcc/arm-none-eabi/4.8.4/../../../../arm-none-eabi/lib/armv7e-m/libg_s.a(lib_a-puts.o)
 .ARM.attributes
                0x00000000000008c4       0x2e /Users/cnoviello/STM32Toolchain/gcc-arm-none-eabi-4_8-2014q3/bin/../lib/gcc/arm-none-eabi/4.8.4/../../../../arm-none-eabi/lib/armv7e-m/libg_s.a(lib_a-rand.o)
 .ARM.attributes
                0x00000000000008f2       0x2e /Users/cnoviello/STM32Toolchain/gcc-arm-none-eabi-4_8-2014q3/bin/../lib/gcc/arm-none-eabi/4.8.4/../../../../arm-none-eabi/lib/armv7e-m/libg_s.a(lib_a-sbrkr.o)
 .ARM.attributes
                0x0000000000000920       0x2e /Users/cnoviello/STM32Toolchain/gcc-arm-none-eabi-4_8-2014q3/bin/../lib/gcc/arm-none-eabi/4.8.4/../../../../arm-none-eabi/lib/armv7e-m/libg_s.a(lib_a-stdio.o)
 .ARM.attributes
                0x000000000000094e       0x2e /Users/cnoviello/STM32Toolchain/gcc-arm-none-eabi-4_8-2014q3/bin/../lib/gcc/arm-none-eabi/4.8.4/../../../../arm-none-eabi/lib/armv7e-m/libg_s.a(lib_a-strlen.o)
 .ARM.attributes
                0x000000000000097c       0x2e /Users/cnoviello/STM32Toolchain/gcc-arm-none-eabi-4_8-2014q3/bin/../lib/gcc/arm-none-eabi/4.8.4/../../../../arm-none-eabi/lib/armv7e-m/libg_s.a(lib_a-vfprintf.o)
 .ARM.attributes
                0x00000000000009aa       0x2e /Users/cnoviello/STM32Toolchain/gcc-arm-none-eabi-4_8-2014q3/bin/../lib/gcc/arm-none-eabi/4.8.4/../../../../arm-none-eabi/lib/armv7e-m/libg_s.a(lib_a-vfprintf_i.o)
 .ARM.attributes
                0x00000000000009d8       0x2e /Users/cnoviello/STM32Toolchain/gcc-arm-none-eabi-4_8-2014q3/bin/../lib/gcc/arm-none-eabi/4.8.4/../../../../arm-none-eabi/lib/armv7e-m/libg_s.a(lib_a-vsnprintf.o)
 .ARM.attributes
                0x0000000000000a06       0x2e /Users/cnoviello/STM32Toolchain/gcc-arm-none-eabi-4_8-2014q3/bin/../lib/gcc/arm-none-eabi/4.8.4/../../../../arm-none-eabi/lib/armv7e-m/libg_s.a(lib_a-wbuf.o)
 .ARM.attributes
                0x0000000000000a34       0x2e /Users/cnoviello/STM32Toolchain/gcc-arm-none-eabi-4_8-2014q3/bin/../lib/gcc/arm-none-eabi/4.8.4/../../../../arm-none-eabi/lib/armv7e-m/libg_s.a(lib_a-writer.o)
 .ARM.attributes
                0x0000000000000a62       0x2e /Users/cnoviello/STM32Toolchain/gcc-arm-none-eabi-4_8-2014q3/bin/../lib/gcc/arm-none-eabi/4.8.4/../../../../arm-none-eabi/lib/armv7e-m/libg_s.a(lib_a-wsetup.o)
 .ARM.attributes
                0x0000000000000a90       0x2e /Users/cnoviello/STM32Toolchain/gcc-arm-none-eabi-4_8-2014q3/bin/../lib/gcc/arm-none-eabi/4.8.4/../../../../arm-none-eabi/lib/armv7e-m/libg_s.a(lib_a-closer.o)
 .ARM.attributes
                0x0000000000000abe       0x2e /Users/cnoviello/STM32Toolchain/gcc-arm-none-eabi-4_8-2014q3/bin/../lib/gcc/arm-none-eabi/4.8.4/../../../../arm-none-eabi/lib/armv7e-m/libg_s.a(lib_a-fflush.o)
 .ARM.attributes
                0x0000000000000aec       0x2e /Users/cnoviello/STM32Toolchain/gcc-arm-none-eabi-4_8-2014q3/bin/../lib/gcc/arm-none-eabi/4.8.4/../../../../arm-none-eabi/lib/armv7e-m/libg_s.a(lib_a-lseekr.o)
 .ARM.attributes
                0x0000000000000b1a       0x2e /Users/cnoviello/STM32Toolchain/gcc-arm-none-eabi-4_8-2014q3/bin/../lib/gcc/arm-none-eabi/4.8.4/../../../../arm-none-eabi/lib/armv7e-m/libg_s.a(lib_a-makebuf.o)
 .ARM.attributes
                0x0000000000000b48       0x2e /Users/cnoviello/STM32Toolchain/gcc-arm-none-eabi-4_8-2014q3/bin/../lib/gcc/arm-none-eabi/4.8.4/../../../../arm-none-eabi/lib/armv7e-m/libg_s.a(lib_a-malloc.o)
 .ARM.attributes
                0x0000000000000b76       0x2e /Users/cnoviello/STM32Toolchain/gcc-arm-none-eabi-4_8-2014q3/bin/../lib/gcc/arm-none-eabi/4.8.4/../../../../arm-none-eabi/lib/armv7e-m/libg_s.a(lib_a-memchr-stub.o)
 .ARM.attributes
                0x0000000000000ba4       0x2e /Users/cnoviello/STM32Toolchain/gcc-arm-none-eabi-4_8-2014q3/bin/../lib/gcc/arm-none-eabi/4.8.4/../../../../arm-none-eabi/lib/armv7e-m/libg_s.a(lib_a-memmove.o)
 .ARM.attributes
                0x0000000000000bd2       0x2e /Users/cnoviello/STM32Toolchain/gcc-arm-none-eabi-4_8-2014q3/bin/../lib/gcc/arm-none-eabi/4.8.4/../../../../arm-none-eabi/lib/armv7e-m/libg_s.a(lib_a-nano-freer.o)
 .ARM.attributes
                0x0000000000000c00       0x2e /Users/cnoviello/STM32Toolchain/gcc-arm-none-eabi-4_8-2014q3/bin/../lib/gcc/arm-none-eabi/4.8.4/../../../../arm-none-eabi/lib/armv7e-m/libg_s.a(lib_a-nano-reallocr.o)
 .ARM.attributes
                0x0000000000000c2e       0x2e /Users/cnoviello/STM32Toolchain/gcc-arm-none-eabi-4_8-2014q3/bin/../lib/gcc/arm-none-eabi/4.8.4/../../../../arm-none-eabi/lib/armv7e-m/libg_s.a(lib_a-readr.o)
 .ARM.attributes
                0x0000000000000c5c       0x2e /Users/cnoviello/STM32Toolchain/gcc-arm-none-eabi-4_8-2014q3/bin/../lib/gcc/arm-none-eabi/4.8.4/../../../../arm-none-eabi/lib/armv7e-m/libg_s.a(lib_a-svfprintf.o)
 .ARM.attributes
                0x0000000000000c8a       0x2e /Users/cnoviello/STM32Toolchain/gcc-arm-none-eabi-4_8-2014q3/bin/../lib/gcc/arm-none-eabi/4.8.4/../../../../arm-none-eabi/lib/armv7e-m/libg_s.a(lib_a-fstatr.o)
 .ARM.attributes
                0x0000000000000cb8       0x2e /Users/cnoviello/STM32Toolchain/gcc-arm-none-eabi-4_8-2014q3/bin/../lib/gcc/arm-none-eabi/4.8.4/../../../../arm-none-eabi/lib/armv7e-m/libg_s.a(lib_a-isattyr.o)
 .ARM.attributes
                0x0000000000000ce6       0x2e /Users/cnoviello/STM32Toolchain/gcc-arm-none-eabi-4_8-2014q3/bin/../lib/gcc/arm-none-eabi/4.8.4/../../../../arm-none-eabi/lib/armv7e-m/libg_s.a(lib_a-nano-msizer.o)

.debug
 *(.debug)

.line
 *(.line)

.debug_srcinfo
 *(.debug_srcinfo)

.debug_sfnames
 *(.debug_sfnames)

.debug_aranges  0x0000000000000000      0xdc0
 *(.debug_aranges)
 .debug_aranges
                0x0000000000000000       0xc0 ./system/src/stm32f4-hal/stm32f4xx_hal.o
 .debug_aranges
                0x00000000000000c0       0x90 ./system/src/stm32f4-hal/stm32f4xx_hal_cortex.o
 .debug_aranges
                0x0000000000000150       0x58 ./system/src/stm32f4-hal/stm32f4xx_hal_gpio.o
 .debug_aranges
                0x00000000000001a8       0x88 ./system/src/stm32f4-hal/stm32f4xx_hal_rcc.o
 .debug_aranges
                0x0000000000000230      0x150 ./system/src/stm32f4-hal/stm32f4xx_hal_spi.o
 .debug_aranges
                0x0000000000000380       0x28 ./system/src/newlib/_exit.o
 .debug_aranges
                0x00000000000003a8       0x20 ./system/src/newlib/_sbrk.o
 .debug_aranges
                0x00000000000003c8       0x40 ./system/src/newlib/_startup.o
 .debug_aranges
                0x0000000000000408      0x120 ./system/src/newlib/_syscalls.o
 .debug_aranges
                0x0000000000000528       0x28 ./system/src/newlib/assert.o
 .debug_aranges
                0x0000000000000550       0x38 ./system/src/diag/Trace.o
 .debug_aranges
                0x0000000000000588       0x30 ./system/src/diag/trace_impl.o
 .debug_aranges
                0x00000000000005b8       0x28 ./system/src/cortexm/_initialize_hardware.o
 .debug_aranges
                0x00000000000005e0       0x68 ./system/src/cortexm/exception_handlers.o
 .debug_aranges
                0x0000000000000648       0x28 ./system/src/cmsis/system_stm32f4xx.o
 .debug_aranges
                0x0000000000000670       0x20 ./system/src/cmsis/vectors_stm32f4xx.o
 .debug_aranges
                0x0000000000000690       0x28 ./src/_initialize_hardware.o
 .debug_aranges
                0x00000000000006b8       0x20 ./src/bluenrg_interface.o
 .debug_aranges
                0x00000000000006d8       0x30 ./src/clock.o
 .debug_aranges
                0x0000000000000708       0x20 ./src/cube_hal_f4.o
 .debug_aranges
                0x0000000000000728       0x28 ./src/main.o
 .debug_aranges
                0x0000000000000750       0x78 ./src/sensor_service.o
 .debug_aranges
                0x00000000000007c8       0x58 ./src/stm32xx_it.o
 .debug_aranges
                0x0000000000000820       0x40 ./bluenrg-stack/Middlewares/ST/STM32_BlueNRG/SimpleBlueNRG_HCI/utils/gp_timer.o
 .debug_aranges
                0x0000000000000860       0x78 ./bluenrg-stack/Middlewares/ST/STM32_BlueNRG/SimpleBlueNRG_HCI/utils/list.o
 .debug_aranges
                0x00000000000008d8       0x28 ./bluenrg-stack/Middlewares/ST/STM32_BlueNRG/SimpleBlueNRG_HCI/utils/osal.o
 .debug_aranges
                0x0000000000000900       0xd8 ./bluenrg-stack/Middlewares/ST/STM32_BlueNRG/SimpleBlueNRG_HCI/hci/controller/bluenrg_gap_aci.o
 .debug_aranges
                0x00000000000009d8       0xf0 ./bluenrg-stack/Middlewares/ST/STM32_BlueNRG/SimpleBlueNRG_HCI/hci/controller/bluenrg_gatt_aci.o
 .debug_aranges
                0x0000000000000ac8       0x40 ./bluenrg-stack/Middlewares/ST/STM32_BlueNRG/SimpleBlueNRG_HCI/hci/controller/bluenrg_hal_aci.o
 .debug_aranges
                0x0000000000000b08      0x148 ./bluenrg-stack/Middlewares/ST/STM32_BlueNRG/SimpleBlueNRG_HCI/hci/hci.o
 .debug_aranges
                0x0000000000000c50       0x88 ./bluenrg-stack/BSP/X-NUCLEO-IDB04A1/stm32_bluenrg_ble.o
 .debug_aranges
                0x0000000000000cd8       0xe8 ./bluenrg-stack/BSP/STM32F4xx-Nucleo/stm32f4xx_nucleo.o

.debug_pubnames
 *(.debug_pubnames)

.debug_info     0x0000000000000000    0x13a46
 *(.debug_info .gnu.linkonce.wi.*)
 .debug_info    0x0000000000000000      0x7fe ./system/src/stm32f4-hal/stm32f4xx_hal.o
 .debug_info    0x00000000000007fe      0xcf4 ./system/src/stm32f4-hal/stm32f4xx_hal_cortex.o
 .debug_info    0x00000000000014f2      0x833 ./system/src/stm32f4-hal/stm32f4xx_hal_gpio.o
 .debug_info    0x0000000000001d25     0x1343 ./system/src/stm32f4-hal/stm32f4xx_hal_rcc.o
 .debug_info    0x0000000000003068     0x17d9 ./system/src/stm32f4-hal/stm32f4xx_hal_spi.o
 .debug_info    0x0000000000004841      0x100 ./system/src/newlib/_exit.o
 .debug_info    0x0000000000004941      0x125 ./system/src/newlib/_sbrk.o
 .debug_info    0x0000000000004a66      0x51a ./system/src/newlib/_startup.o
 .debug_info    0x0000000000004f80     0x1ee1 ./system/src/newlib/_syscalls.o
 .debug_info    0x0000000000006e61      0x1cd ./system/src/newlib/assert.o
 .debug_info    0x000000000000702e      0x32b ./system/src/diag/Trace.o
 .debug_info    0x0000000000007359      0x35f ./system/src/diag/trace_impl.o
 .debug_info    0x00000000000076b8       0xea ./system/src/cortexm/_initialize_hardware.o
 .debug_info    0x00000000000077a2       0xe9 ./system/src/cortexm/exception_handlers.o
 .debug_info    0x000000000000788b      0x4a7 ./system/src/cmsis/system_stm32f4xx.o
 .debug_info    0x0000000000007d32       0x92 ./system/src/cmsis/vectors_stm32f4xx.o
 .debug_info    0x0000000000007dc4      0x125 ./src/_initialize_hardware.o
 .debug_info    0x0000000000007ee9       0xf7 ./src/bluenrg_interface.o
 .debug_info    0x0000000000007fe0      0x15a ./src/clock.o
 .debug_info    0x000000000000813a      0x2a5 ./src/cube_hal_f4.o
 .debug_info    0x00000000000083df      0x6c7 ./src/main.o
 .debug_info    0x0000000000008aa6     0x108b ./src/sensor_service.o
 .debug_info    0x0000000000009b31      0x1d8 ./src/stm32xx_it.o
 .debug_info    0x0000000000009d09      0x1bc ./bluenrg-stack/Middlewares/ST/STM32_BlueNRG/SimpleBlueNRG_HCI/utils/gp_timer.o
 .debug_info    0x0000000000009ec5      0x312 ./bluenrg-stack/Middlewares/ST/STM32_BlueNRG/SimpleBlueNRG_HCI/utils/list.o
 .debug_info    0x000000000000a1d7      0x19d ./bluenrg-stack/Middlewares/ST/STM32_BlueNRG/SimpleBlueNRG_HCI/utils/osal.o
 .debug_info    0x000000000000a374     0x19a7 ./bluenrg-stack/Middlewares/ST/STM32_BlueNRG/SimpleBlueNRG_HCI/hci/controller/bluenrg_gap_aci.o
 .debug_info    0x000000000000bd1b     0x1d96 ./bluenrg-stack/Middlewares/ST/STM32_BlueNRG/SimpleBlueNRG_HCI/hci/controller/bluenrg_gatt_aci.o
 .debug_info    0x000000000000dab1      0x48c ./bluenrg-stack/Middlewares/ST/STM32_BlueNRG/SimpleBlueNRG_HCI/hci/controller/bluenrg_hal_aci.o
 .debug_info    0x000000000000df3d     0x2da5 ./bluenrg-stack/Middlewares/ST/STM32_BlueNRG/SimpleBlueNRG_HCI/hci/hci.o
 .debug_info    0x0000000000010ce2     0x137d ./bluenrg-stack/BSP/X-NUCLEO-IDB04A1/stm32_bluenrg_ble.o
 .debug_info    0x000000000001205f     0x19e7 ./bluenrg-stack/BSP/STM32F4xx-Nucleo/stm32f4xx_nucleo.o

.debug_abbrev   0x0000000000000000     0x3505
 *(.debug_abbrev)
 .debug_abbrev  0x0000000000000000      0x222 ./system/src/stm32f4-hal/stm32f4xx_hal.o
 .debug_abbrev  0x0000000000000222      0x2c5 ./system/src/stm32f4-hal/stm32f4xx_hal_cortex.o
 .debug_abbrev  0x00000000000004e7      0x1fe ./system/src/stm32f4-hal/stm32f4xx_hal_gpio.o
 .debug_abbrev  0x00000000000006e5      0x2fb ./system/src/stm32f4-hal/stm32f4xx_hal_rcc.o
 .debug_abbrev  0x00000000000009e0      0x269 ./system/src/stm32f4-hal/stm32f4xx_hal_spi.o
 .debug_abbrev  0x0000000000000c49       0xa4 ./system/src/newlib/_exit.o
 .debug_abbrev  0x0000000000000ced       0xbb ./system/src/newlib/_sbrk.o
 .debug_abbrev  0x0000000000000da8      0x211 ./system/src/newlib/_startup.o
 .debug_abbrev  0x0000000000000fb9      0x451 ./system/src/newlib/_syscalls.o
 .debug_abbrev  0x000000000000140a       0xc9 ./system/src/newlib/assert.o
 .debug_abbrev  0x00000000000014d3      0x178 ./system/src/diag/Trace.o
 .debug_abbrev  0x000000000000164b      0x1d0 ./system/src/diag/trace_impl.o
 .debug_abbrev  0x000000000000181b       0x88 ./system/src/cortexm/_initialize_hardware.o
 .debug_abbrev  0x00000000000018a3       0x65 ./system/src/cortexm/exception_handlers.o
 .debug_abbrev  0x0000000000001908      0x104 ./system/src/cmsis/system_stm32f4xx.o
 .debug_abbrev  0x0000000000001a0c       0x92 ./system/src/cmsis/vectors_stm32f4xx.o
 .debug_abbrev  0x0000000000001a9e       0xc9 ./src/_initialize_hardware.o
 .debug_abbrev  0x0000000000001b67       0x97 ./src/bluenrg_interface.o
 .debug_abbrev  0x0000000000001bfe      0x114 ./src/clock.o
 .debug_abbrev  0x0000000000001d12      0x105 ./src/cube_hal_f4.o
 .debug_abbrev  0x0000000000001e17      0x1dd ./src/main.o
 .debug_abbrev  0x0000000000001ff4      0x2e9 ./src/sensor_service.o
 .debug_abbrev  0x00000000000022dd       0xe0 ./src/stm32xx_it.o
 .debug_abbrev  0x00000000000023bd       0xf1 ./bluenrg-stack/Middlewares/ST/STM32_BlueNRG/SimpleBlueNRG_HCI/utils/gp_timer.o
 .debug_abbrev  0x00000000000024ae       0xf6 ./bluenrg-stack/Middlewares/ST/STM32_BlueNRG/SimpleBlueNRG_HCI/utils/list.o
 .debug_abbrev  0x00000000000025a4       0xcd ./bluenrg-stack/Middlewares/ST/STM32_BlueNRG/SimpleBlueNRG_HCI/utils/osal.o
 .debug_abbrev  0x0000000000002671      0x1e3 ./bluenrg-stack/Middlewares/ST/STM32_BlueNRG/SimpleBlueNRG_HCI/hci/controller/bluenrg_gap_aci.o
 .debug_abbrev  0x0000000000002854      0x1d8 ./bluenrg-stack/Middlewares/ST/STM32_BlueNRG/SimpleBlueNRG_HCI/hci/controller/bluenrg_gatt_aci.o
 .debug_abbrev  0x0000000000002a2c      0x16f ./bluenrg-stack/Middlewares/ST/STM32_BlueNRG/SimpleBlueNRG_HCI/hci/controller/bluenrg_hal_aci.o
 .debug_abbrev  0x0000000000002b9b      0x3c8 ./bluenrg-stack/Middlewares/ST/STM32_BlueNRG/SimpleBlueNRG_HCI/hci/hci.o
 .debug_abbrev  0x0000000000002f63      0x2fa ./bluenrg-stack/BSP/X-NUCLEO-IDB04A1/stm32_bluenrg_ble.o
 .debug_abbrev  0x000000000000325d      0x2a8 ./bluenrg-stack/BSP/STM32F4xx-Nucleo/stm32f4xx_nucleo.o

.debug_line     0x0000000000000000     0xeec6
 *(.debug_line)
 .debug_line    0x0000000000000000      0x948 ./system/src/stm32f4-hal/stm32f4xx_hal.o
 .debug_line    0x0000000000000948      0x980 ./system/src/stm32f4-hal/stm32f4xx_hal_cortex.o
 .debug_line    0x00000000000012c8      0x94e ./system/src/stm32f4-hal/stm32f4xx_hal_gpio.o
 .debug_line    0x0000000000001c16      0xc99 ./system/src/stm32f4-hal/stm32f4xx_hal_rcc.o
 .debug_line    0x00000000000028af     0x104c ./system/src/stm32f4-hal/stm32f4xx_hal_spi.o
 .debug_line    0x00000000000038fb      0x2c2 ./system/src/newlib/_exit.o
 .debug_line    0x0000000000003bbd      0x274 ./system/src/newlib/_sbrk.o
 .debug_line    0x0000000000003e31      0x340 ./system/src/newlib/_startup.o
 .debug_line    0x0000000000004171      0x85f ./system/src/newlib/_syscalls.o
 .debug_line    0x00000000000049d0      0x2f9 ./system/src/newlib/assert.o
 .debug_line    0x0000000000004cc9      0x38f ./system/src/diag/Trace.o
 .debug_line    0x0000000000005058      0x901 ./system/src/diag/trace_impl.o
 .debug_line    0x0000000000005959      0x7fe ./system/src/cortexm/_initialize_hardware.o
 .debug_line    0x0000000000006157       0x9f ./system/src/cortexm/exception_handlers.o
 .debug_line    0x00000000000061f6      0x7ff ./system/src/cmsis/system_stm32f4xx.o
 .debug_line    0x00000000000069f5       0x89 ./system/src/cmsis/vectors_stm32f4xx.o
 .debug_line    0x0000000000006a7e      0x7e0 ./src/_initialize_hardware.o
 .debug_line    0x000000000000725e      0xa3b ./src/bluenrg_interface.o
 .debug_line    0x0000000000007c99      0x8aa ./src/clock.o
 .debug_line    0x0000000000008543      0x838 ./src/cube_hal_f4.o
 .debug_line    0x0000000000008d7b      0xb78 ./src/main.o
 .debug_line    0x00000000000098f3      0xc4c ./src/sensor_service.o
 .debug_line    0x000000000000a53f      0xa31 ./src/stm32xx_it.o
 .debug_line    0x000000000000af70      0x2da ./bluenrg-stack/Middlewares/ST/STM32_BlueNRG/SimpleBlueNRG_HCI/utils/gp_timer.o
 .debug_line    0x000000000000b24a      0x354 ./bluenrg-stack/Middlewares/ST/STM32_BlueNRG/SimpleBlueNRG_HCI/utils/list.o
 .debug_line    0x000000000000b59e      0x387 ./bluenrg-stack/Middlewares/ST/STM32_BlueNRG/SimpleBlueNRG_HCI/utils/osal.o
 .debug_line    0x000000000000b925      0x645 ./bluenrg-stack/Middlewares/ST/STM32_BlueNRG/SimpleBlueNRG_HCI/hci/controller/bluenrg_gap_aci.o
 .debug_line    0x000000000000bf6a      0x6e2 ./bluenrg-stack/Middlewares/ST/STM32_BlueNRG/SimpleBlueNRG_HCI/hci/controller/bluenrg_gatt_aci.o
 .debug_line    0x000000000000c64c      0x3bc ./bluenrg-stack/Middlewares/ST/STM32_BlueNRG/SimpleBlueNRG_HCI/hci/controller/bluenrg_hal_aci.o
 .debug_line    0x000000000000ca08      0xeb2 ./bluenrg-stack/Middlewares/ST/STM32_BlueNRG/SimpleBlueNRG_HCI/hci/hci.o
 .debug_line    0x000000000000d8ba      0xb8f ./bluenrg-stack/BSP/X-NUCLEO-IDB04A1/stm32_bluenrg_ble.o
 .debug_line    0x000000000000e449      0xa7d ./bluenrg-stack/BSP/STM32F4xx-Nucleo/stm32f4xx_nucleo.o

.debug_frame    0x0000000000000000     0x2b64
 *(.debug_frame)
 .debug_frame   0x0000000000000000      0x184 ./system/src/stm32f4-hal/stm32f4xx_hal.o
 .debug_frame   0x0000000000000184      0x134 ./system/src/stm32f4-hal/stm32f4xx_hal_cortex.o
 .debug_frame   0x00000000000002b8       0xf0 ./system/src/stm32f4-hal/stm32f4xx_hal_gpio.o
 .debug_frame   0x00000000000003a8      0x138 ./system/src/stm32f4-hal/stm32f4xx_hal_rcc.o
 .debug_frame   0x00000000000004e0      0x3a0 ./system/src/stm32f4-hal/stm32f4xx_hal_spi.o
 .debug_frame   0x0000000000000880       0x38 ./system/src/newlib/_exit.o
 .debug_frame   0x00000000000008b8       0x28 ./system/src/newlib/_sbrk.o
 .debug_frame   0x00000000000008e0       0x7c ./system/src/newlib/_startup.o
 .debug_frame   0x000000000000095c      0x390 ./system/src/newlib/_syscalls.o
 .debug_frame   0x0000000000000cec       0x40 ./system/src/newlib/assert.o
 .debug_frame   0x0000000000000d2c       0x80 ./system/src/diag/Trace.o
 .debug_frame   0x0000000000000dac       0x58 ./system/src/diag/trace_impl.o
 .debug_frame   0x0000000000000e04       0x40 ./system/src/cortexm/_initialize_hardware.o
 .debug_frame   0x0000000000000e44       0xb8 ./system/src/cortexm/exception_handlers.o
 .debug_frame   0x0000000000000efc       0x30 ./system/src/cmsis/system_stm32f4xx.o
 .debug_frame   0x0000000000000f2c       0x20 ./system/src/cmsis/vectors_stm32f4xx.o
 .debug_frame   0x0000000000000f4c       0x38 ./src/_initialize_hardware.o
 .debug_frame   0x0000000000000f84       0x28 ./src/bluenrg_interface.o
 .debug_frame   0x0000000000000fac       0x50 ./src/clock.o
 .debug_frame   0x0000000000000ffc       0x2c ./src/cube_hal_f4.o
 .debug_frame   0x0000000000001028       0x40 ./src/main.o
 .debug_frame   0x0000000000001068      0x13c ./src/sensor_service.o
 .debug_frame   0x00000000000011a4       0xa8 ./src/stm32xx_it.o
 .debug_frame   0x000000000000124c       0x80 ./bluenrg-stack/Middlewares/ST/STM32_BlueNRG/SimpleBlueNRG_HCI/utils/gp_timer.o
 .debug_frame   0x00000000000012cc       0xe0 ./bluenrg-stack/Middlewares/ST/STM32_BlueNRG/SimpleBlueNRG_HCI/utils/list.o
 .debug_frame   0x00000000000013ac       0x40 ./bluenrg-stack/Middlewares/ST/STM32_BlueNRG/SimpleBlueNRG_HCI/utils/osal.o
 .debug_frame   0x00000000000013ec      0x288 ./bluenrg-stack/Middlewares/ST/STM32_BlueNRG/SimpleBlueNRG_HCI/hci/controller/bluenrg_gap_aci.o
 .debug_frame   0x0000000000001674      0x2f8 ./bluenrg-stack/Middlewares/ST/STM32_BlueNRG/SimpleBlueNRG_HCI/hci/controller/bluenrg_gatt_aci.o
 .debug_frame   0x000000000000196c       0x8c ./bluenrg-stack/Middlewares/ST/STM32_BlueNRG/SimpleBlueNRG_HCI/hci/controller/bluenrg_hal_aci.o
 .debug_frame   0x00000000000019f8      0x430 ./bluenrg-stack/Middlewares/ST/STM32_BlueNRG/SimpleBlueNRG_HCI/hci/hci.o
 .debug_frame   0x0000000000001e28      0x190 ./bluenrg-stack/BSP/X-NUCLEO-IDB04A1/stm32_bluenrg_ble.o
 .debug_frame   0x0000000000001fb8      0x2b0 ./bluenrg-stack/BSP/STM32F4xx-Nucleo/stm32f4xx_nucleo.o
 .debug_frame   0x0000000000002268       0x50 /Users/cnoviello/STM32Toolchain/gcc-arm-none-eabi-4_8-2014q3/bin/../lib/gcc/arm-none-eabi/4.8.4/armv7e-m/libgcc.a(bpabi.o)
 .debug_frame   0x00000000000022b8       0x34 /Users/cnoviello/STM32Toolchain/gcc-arm-none-eabi-4_8-2014q3/bin/../lib/gcc/arm-none-eabi/4.8.4/armv7e-m/libgcc.a(_divdi3.o)
 .debug_frame   0x00000000000022ec       0x34 /Users/cnoviello/STM32Toolchain/gcc-arm-none-eabi-4_8-2014q3/bin/../lib/gcc/arm-none-eabi/4.8.4/armv7e-m/libgcc.a(_udivdi3.o)
 .debug_frame   0x0000000000002320       0x20 /Users/cnoviello/STM32Toolchain/gcc-arm-none-eabi-4_8-2014q3/bin/../lib/gcc/arm-none-eabi/4.8.4/../../../../arm-none-eabi/lib/armv7e-m/libg_s.a(lib_a-errno.o)
 .debug_frame   0x0000000000002340      0x12c /Users/cnoviello/STM32Toolchain/gcc-arm-none-eabi-4_8-2014q3/bin/../lib/gcc/arm-none-eabi/4.8.4/../../../../arm-none-eabi/lib/armv7e-m/libg_s.a(lib_a-findfp.o)
 .debug_frame   0x000000000000246c       0x28 /Users/cnoviello/STM32Toolchain/gcc-arm-none-eabi-4_8-2014q3/bin/../lib/gcc/arm-none-eabi/4.8.4/../../../../arm-none-eabi/lib/armv7e-m/libg_s.a(lib_a-memcpy-stub.o)
 .debug_frame   0x0000000000002494       0x20 /Users/cnoviello/STM32Toolchain/gcc-arm-none-eabi-4_8-2014q3/bin/../lib/gcc/arm-none-eabi/4.8.4/../../../../arm-none-eabi/lib/armv7e-m/libg_s.a(lib_a-memset.o)